[debug] [2026-07-28T08:36:22.413Z] [Firebase Plugin] Activating Firebase extension.
[debug] [2026-07-28T08:36:25.157Z] [Firebase Plugin] requireAuthWrapper
[debug] [2026-07-28T08:36:25.160Z] > command requires scopes: ["email","openid","https://www.googleapis.com/auth/cloudplatformprojects.readonly","https://www.googleapis.com/auth/firebase","https://www.googleapis.com/auth/cloud-platform"]
[debug] [2026-07-28T08:36:25.160Z] > authorizing via signed-in user (clement@nucom.fr)
[debug] [2026-07-28T08:36:25.163Z] Checked if tokens are valid: false, expires at: 1785192648537
[debug] [2026-07-28T08:36:25.163Z] Checked if tokens are valid: false, expires at: 1785192648537
[debug] [2026-07-28T08:36:25.163Z] > refreshing access token with scopes: []
[debug] [2026-07-28T08:36:25.165Z] >>> [apiv2][query] POST https://www.googleapis.com/oauth2/v3/token [none]
[debug] [2026-07-28T08:36:25.165Z] >>> [apiv2][body] POST https://www.googleapis.com/oauth2/v3/token [omitted]
[info] [Firebase Plugin] Starting SQL Connect toolkit (version 3.4.16) on port 50004
[debug] [2026-07-28T08:36:25.808Z] 'fdc build' failed with error: Unable to build your SQL Connect schema and connectors (exit code 1): E0728 10:36:25.806317    3409 cmd.go:43] Error loading data connect config: could not find dataconnect.yaml in `/Users/clem/Nucom/suiteadonner/dataconnect`
 {"metadata":{"emulator":{"name":"dataconnect"},"message":"'fdc build' failed with error: Unable to build your SQL Connect schema and connectors (exit code 1): E0728 10:36:25.806317    3409 cmd.go:43] Error loading data connect config: could not find dataconnect.yaml in `/Users/clem/Nucom/suiteadonner/dataconnect`\n"}}
[debug] [2026-07-28T08:36:25.808Z] Ignoring unsupported arg: auto_download {"metadata":{"emulator":{"name":"dataconnect"},"message":"Ignoring unsupported arg: auto_download"}}
[debug] [2026-07-28T08:36:25.809Z] Ignoring unsupported arg: port {"metadata":{"emulator":{"name":"dataconnect"},"message":"Ignoring unsupported arg: port"}}
[debug] [2026-07-28T08:36:25.809Z] Starting SQL Connect Emulator with command {"binary":"/Users/clem/.cache/firebase/emulators/dataconnect-emulator-3.4.16","args":["--logtostderr","-v=2","dev","--listen=localhost:50004","--config_dir=/Users/clem/Nucom/suiteadonner/dataconnect","--enable_output_schema_extensions=true","--enable_output_generated_sdk=true"],"optionalArgs":["listen","config_dir","enable_output_schema_extensions","enable_output_generated_sdk"],"joinArgs":true,"shell":false,"port":9399} {"metadata":{"emulator":{"name":"dataconnect"},"message":"Starting SQL Connect Emulator with command {\"binary\":\"/Users/clem/.cache/firebase/emulators/dataconnect-emulator-3.4.16\",\"args\":[\"--logtostderr\",\"-v=2\",\"dev\",\"--listen=localhost:50004\",\"--config_dir=/Users/clem/Nucom/suiteadonner/dataconnect\",\"--enable_output_schema_extensions=true\",\"--enable_output_generated_sdk=true\"],\"optionalArgs\":[\"listen\",\"config_dir\",\"enable_output_schema_extensions\",\"enable_output_generated_sdk\"],\"joinArgs\":true,\"shell\":false,\"port\":9399}"}}
[info] i  dataconnect: SQL Connect Emulator logging to dataconnect-debug.log {"metadata":{"emulator":{"name":"dataconnect"},"message":"SQL Connect Emulator logging to dataconnect-debug.log"}}
[debug] [2026-07-28T08:36:25.860Z] E0728 10:36:25.849154    3410 dev.go:80] Failed to load initial config from "/Users/clem/Nucom/suiteadonner/dataconnect": could not find dataconnect.yaml in `/Users/clem/Nucom/suiteadonner/dataconnect`
E0728 10:36:25.852420    3410 watch.go:116] watchAllDir unable to walk dir `/Users/clem/Nucom/suiteadonner/dataconnect`: lstat /Users/clem/Nucom/suiteadonner/dataconnect: no such file or directory
I0728 10:36:25.856913    3410 dev.go:101] Listening on address (HTTP + gRPC): 127.0.0.1:50004
 {"metadata":{"emulator":{"name":"dataconnect"},"message":"E0728 10:36:25.849154    3410 dev.go:80] Failed to load initial config from \"/Users/clem/Nucom/suiteadonner/dataconnect\": could not find dataconnect.yaml in `/Users/clem/Nucom/suiteadonner/dataconnect`\nE0728 10:36:25.852420    3410 watch.go:116] watchAllDir unable to walk dir `/Users/clem/Nucom/suiteadonner/dataconnect`: lstat /Users/clem/Nucom/suiteadonner/dataconnect: no such file or directory\nI0728 10:36:25.856913    3410 dev.go:101] Listening on address (HTTP + gRPC): 127.0.0.1:50004\n"}}
[debug] [2026-07-28T08:36:25.946Z] <<< [apiv2][status] POST https://www.googleapis.com/oauth2/v3/token 400
[debug] [2026-07-28T08:36:25.947Z] <<< [apiv2][body] POST https://www.googleapis.com/oauth2/v3/token [omitted]
[error] Authentication Error: Your credentials are no longer valid. Please run firebase login --reauth

For CI servers and headless environments, generate a new token with firebase login:ci
[error] Authentication Error: Your credentials are no longer valid. Please run firebase login --reauth

For CI servers and headless environments, generate a new token with firebase login:ci
[error] [Firebase Plugin] requireAuth error: Authentication Error: Your credentials are no longer valid. Please run firebase login --reauth

For CI servers and headless environments, generate a new token with firebase login:ci
[error] [Firebase Plugin] error:  {}
[debug] [2026-07-28T08:36:35.874Z] E0728 10:36:35.871064    3410 watch.go:40] Failed to load config from "/Users/clem/Nucom/suiteadonner/dataconnect": could not find dataconnect.yaml in `/Users/clem/Nucom/suiteadonner/dataconnect`
 {"metadata":{"emulator":{"name":"dataconnect"},"message":"E0728 10:36:35.871064    3410 watch.go:40] Failed to load config from \"/Users/clem/Nucom/suiteadonner/dataconnect\": could not find dataconnect.yaml in `/Users/clem/Nucom/suiteadonner/dataconnect`\n"}}
[debug] [2026-07-28T08:36:45.855Z] E0728 10:36:45.854631    3410 watch.go:40] Failed to load config from "/Users/clem/Nucom/suiteadonner/dataconnect": could not find dataconnect.yaml in `/Users/clem/Nucom/suiteadonner/dataconnect`
 {"metadata":{"emulator":{"name":"dataconnect"},"message":"E0728 10:36:45.854631    3410 watch.go:40] Failed to load config from \"/Users/clem/Nucom/suiteadonner/dataconnect\": could not find dataconnect.yaml in `/Users/clem/Nucom/suiteadonner/dataconnect`\n"}}
[debug] [2026-07-28T08:36:55.854Z] E0728 10:36:55.854170    3410 watch.go:40] Failed to load config from "/Users/clem/Nucom/suiteadonner/dataconnect": could not find dataconnect.yaml in `/Users/clem/Nucom/suiteadonner/dataconnect`
 {"metadata":{"emulator":{"name":"dataconnect"},"message":"E0728 10:36:55.854170    3410 watch.go:40] Failed to load config from \"/Users/clem/Nucom/suiteadonner/dataconnect\": could not find dataconnect.yaml in `/Users/clem/Nucom/suiteadonner/dataconnect`\n"}}
[debug] [2026-07-28T08:37:05.854Z] E0728 10:37:05.854171    3410 watch.go:40] Failed to load config from "/Users/clem/Nucom/suiteadonner/dataconnect": could not find dataconnect.yaml in `/Users/clem/Nucom/suiteadonner/dataconnect`
 {"metadata":{"emulator":{"name":"dataconnect"},"message":"E0728 10:37:05.854171    3410 watch.go:40] Failed to load config from \"/Users/clem/Nucom/suiteadonner/dataconnect\": could not find dataconnect.yaml in `/Users/clem/Nucom/suiteadonner/dataconnect`\n"}}
[debug] [2026-07-28T08:37:15.854Z] E0728 10:37:15.854198    3410 watch.go:40] Failed to load config from "/Users/clem/Nucom/suiteadonner/dataconnect": could not find dataconnect.yaml in `/Users/clem/Nucom/suiteadonner/dataconnect`
 {"metadata":{"emulator":{"name":"dataconnect"},"message":"E0728 10:37:15.854198    3410 watch.go:40] Failed to load config from \"/Users/clem/Nucom/suiteadonner/dataconnect\": could not find dataconnect.yaml in `/Users/clem/Nucom/suiteadonner/dataconnect`\n"}}
[debug] [2026-07-28T08:37:25.853Z] E0728 10:37:25.853426    3410 watch.go:40] Failed to load config from "/Users/clem/Nucom/suiteadonner/dataconnect": could not find dataconnect.yaml in `/Users/clem/Nucom/suiteadonner/dataconnect`
 {"metadata":{"emulator":{"name":"dataconnect"},"message":"E0728 10:37:25.853426    3410 watch.go:40] Failed to load config from \"/Users/clem/Nucom/suiteadonner/dataconnect\": could not find dataconnect.yaml in `/Users/clem/Nucom/suiteadonner/dataconnect`\n"}}
[debug] [2026-07-28T08:37:25.855Z] E0728 10:37:25.853350    3410 watch.go:116] watchAllDir unable to walk dir `/Users/clem/Nucom/suiteadonner/dataconnect`: lstat /Users/clem/Nucom/suiteadonner/dataconnect: no such file or directory
 {"metadata":{"emulator":{"name":"dataconnect"},"message":"E0728 10:37:25.853350    3410 watch.go:116] watchAllDir unable to walk dir `/Users/clem/Nucom/suiteadonner/dataconnect`: lstat /Users/clem/Nucom/suiteadonner/dataconnect: no such file or directory\n"}}
[debug] [2026-07-28T08:37:35.853Z] E0728 10:37:35.853124    3410 watch.go:40] Failed to load config from "/Users/clem/Nucom/suiteadonner/dataconnect": could not find dataconnect.yaml in `/Users/clem/Nucom/suiteadonner/dataconnect`
 {"metadata":{"emulator":{"name":"dataconnect"},"message":"E0728 10:37:35.853124    3410 watch.go:40] Failed to load config from \"/Users/clem/Nucom/suiteadonner/dataconnect\": could not find dataconnect.yaml in `/Users/clem/Nucom/suiteadonner/dataconnect`\n"}}
[debug] [2026-07-28T08:37:45.854Z] E0728 10:37:45.853511    3410 watch.go:40] Failed to load config from "/Users/clem/Nucom/suiteadonner/dataconnect": could not find dataconnect.yaml in `/Users/clem/Nucom/suiteadonner/dataconnect`
 {"metadata":{"emulator":{"name":"dataconnect"},"message":"E0728 10:37:45.853511    3410 watch.go:40] Failed to load config from \"/Users/clem/Nucom/suiteadonner/dataconnect\": could not find dataconnect.yaml in `/Users/clem/Nucom/suiteadonner/dataconnect`\n"}}
[debug] [2026-07-28T08:37:55.854Z] E0728 10:37:55.853806    3410 watch.go:40] Failed to load config from "/Users/clem/Nucom/suiteadonner/dataconnect": could not find dataconnect.yaml in `/Users/clem/Nucom/suiteadonner/dataconnect`
 {"metadata":{"emulator":{"name":"dataconnect"},"message":"E0728 10:37:55.853806    3410 watch.go:40] Failed to load config from \"/Users/clem/Nucom/suiteadonner/dataconnect\": could not find dataconnect.yaml in `/Users/clem/Nucom/suiteadonner/dataconnect`\n"}}
[debug] [2026-07-28T08:38:05.854Z] E0728 10:38:05.853879    3410 watch.go:40] Failed to load config from "/Users/clem/Nucom/suiteadonner/dataconnect": could not find dataconnect.yaml in `/Users/clem/Nucom/suiteadonner/dataconnect`
 {"metadata":{"emulator":{"name":"dataconnect"},"message":"E0728 10:38:05.853879    3410 watch.go:40] Failed to load config from \"/Users/clem/Nucom/suiteadonner/dataconnect\": could not find dataconnect.yaml in `/Users/clem/Nucom/suiteadonner/dataconnect`\n"}}
[debug] [2026-07-28T08:38:15.854Z] E0728 10:38:15.854128    3410 watch.go:40] Failed to load config from "/Users/clem/Nucom/suiteadonner/dataconnect": could not find dataconnect.yaml in `/Users/clem/Nucom/suiteadonner/dataconnect`
 {"metadata":{"emulator":{"name":"dataconnect"},"message":"E0728 10:38:15.854128    3410 watch.go:40] Failed to load config from \"/Users/clem/Nucom/suiteadonner/dataconnect\": could not find dataconnect.yaml in `/Users/clem/Nucom/suiteadonner/dataconnect`\n"}}
[debug] [2026-07-28T08:38:25.854Z] E0728 10:38:25.853887    3410 watch.go:116] watchAllDir unable to walk dir `/Users/clem/Nucom/suiteadonner/dataconnect`: lstat /Users/clem/Nucom/suiteadonner/dataconnect: no such file or directory
E0728 10:38:25.854056    3410 watch.go:40] Failed to load config from "/Users/clem/Nucom/suiteadonner/dataconnect": could not find dataconnect.yaml in `/Users/clem/Nucom/suiteadonner/dataconnect`
 {"metadata":{"emulator":{"name":"dataconnect"},"message":"E0728 10:38:25.853887    3410 watch.go:116] watchAllDir unable to walk dir `/Users/clem/Nucom/suiteadonner/dataconnect`: lstat /Users/clem/Nucom/suiteadonner/dataconnect: no such file or directory\nE0728 10:38:25.854056    3410 watch.go:40] Failed to load config from \"/Users/clem/Nucom/suiteadonner/dataconnect\": could not find dataconnect.yaml in `/Users/clem/Nucom/suiteadonner/dataconnect`\n"}}
[debug] [2026-07-28T08:38:35.855Z] E0728 10:38:35.854590    3410 watch.go:40] Failed to load config from "/Users/clem/Nucom/suiteadonner/dataconnect": could not find dataconnect.yaml in `/Users/clem/Nucom/suiteadonner/dataconnect`
 {"metadata":{"emulator":{"name":"dataconnect"},"message":"E0728 10:38:35.854590    3410 watch.go:40] Failed to load config from \"/Users/clem/Nucom/suiteadonner/dataconnect\": could not find dataconnect.yaml in `/Users/clem/Nucom/suiteadonner/dataconnect`\n"}}
[debug] [2026-07-28T08:38:45.854Z] E0728 10:38:45.853851    3410 watch.go:40] Failed to load config from "/Users/clem/Nucom/suiteadonner/dataconnect": could not find dataconnect.yaml in `/Users/clem/Nucom/suiteadonner/dataconnect`
 {"metadata":{"emulator":{"name":"dataconnect"},"message":"E0728 10:38:45.853851    3410 watch.go:40] Failed to load config from \"/Users/clem/Nucom/suiteadonner/dataconnect\": could not find dataconnect.yaml in `/Users/clem/Nucom/suiteadonner/dataconnect`\n"}}
[debug] [2026-07-28T08:38:55.854Z] E0728 10:38:55.854204    3410 watch.go:40] Failed to load config from "/Users/clem/Nucom/suiteadonner/dataconnect": could not find dataconnect.yaml in `/Users/clem/Nucom/suiteadonner/dataconnect`
 {"metadata":{"emulator":{"name":"dataconnect"},"message":"E0728 10:38:55.854204    3410 watch.go:40] Failed to load config from \"/Users/clem/Nucom/suiteadonner/dataconnect\": could not find dataconnect.yaml in `/Users/clem/Nucom/suiteadonner/dataconnect`\n"}}
[debug] [2026-07-28T08:39:05.853Z] E0728 10:39:05.853206    3410 watch.go:40] Failed to load config from "/Users/clem/Nucom/suiteadonner/dataconnect": could not find dataconnect.yaml in `/Users/clem/Nucom/suiteadonner/dataconnect`
 {"metadata":{"emulator":{"name":"dataconnect"},"message":"E0728 10:39:05.853206    3410 watch.go:40] Failed to load config from \"/Users/clem/Nucom/suiteadonner/dataconnect\": could not find dataconnect.yaml in `/Users/clem/Nucom/suiteadonner/dataconnect`\n"}}
[debug] [2026-07-28T08:39:15.854Z] E0728 10:39:15.853897    3410 watch.go:40] Failed to load config from "/Users/clem/Nucom/suiteadonner/dataconnect": could not find dataconnect.yaml in `/Users/clem/Nucom/suiteadonner/dataconnect`
 {"metadata":{"emulator":{"name":"dataconnect"},"message":"E0728 10:39:15.853897    3410 watch.go:40] Failed to load config from \"/Users/clem/Nucom/suiteadonner/dataconnect\": could not find dataconnect.yaml in `/Users/clem/Nucom/suiteadonner/dataconnect`\n"}}
[debug] [2026-07-28T08:39:25.854Z] E0728 10:39:25.853486    3410 watch.go:116] watchAllDir unable to walk dir `/Users/clem/Nucom/suiteadonner/dataconnect`: lstat /Users/clem/Nucom/suiteadonner/dataconnect: no such file or directory
 {"metadata":{"emulator":{"name":"dataconnect"},"message":"E0728 10:39:25.853486    3410 watch.go:116] watchAllDir unable to walk dir `/Users/clem/Nucom/suiteadonner/dataconnect`: lstat /Users/clem/Nucom/suiteadonner/dataconnect: no such file or directory\n"}}
[debug] [2026-07-28T08:39:25.855Z] E0728 10:39:25.853748    3410 watch.go:40] Failed to load config from "/Users/clem/Nucom/suiteadonner/dataconnect": could not find dataconnect.yaml in `/Users/clem/Nucom/suiteadonner/dataconnect`
 {"metadata":{"emulator":{"name":"dataconnect"},"message":"E0728 10:39:25.853748    3410 watch.go:40] Failed to load config from \"/Users/clem/Nucom/suiteadonner/dataconnect\": could not find dataconnect.yaml in `/Users/clem/Nucom/suiteadonner/dataconnect`\n"}}
[debug] [2026-07-28T08:39:35.854Z] E0728 10:39:35.853815    3410 watch.go:40] Failed to load config from "/Users/clem/Nucom/suiteadonner/dataconnect": could not find dataconnect.yaml in `/Users/clem/Nucom/suiteadonner/dataconnect`
 {"metadata":{"emulator":{"name":"dataconnect"},"message":"E0728 10:39:35.853815    3410 watch.go:40] Failed to load config from \"/Users/clem/Nucom/suiteadonner/dataconnect\": could not find dataconnect.yaml in `/Users/clem/Nucom/suiteadonner/dataconnect`\n"}}
[debug] [2026-07-28T08:39:45.855Z] E0728 10:39:45.854263    3410 watch.go:40] Failed to load config from "/Users/clem/Nucom/suiteadonner/dataconnect": could not find dataconnect.yaml in `/Users/clem/Nucom/suiteadonner/dataconnect`
 {"metadata":{"emulator":{"name":"dataconnect"},"message":"E0728 10:39:45.854263    3410 watch.go:40] Failed to load config from \"/Users/clem/Nucom/suiteadonner/dataconnect\": could not find dataconnect.yaml in `/Users/clem/Nucom/suiteadonner/dataconnect`\n"}}
[debug] [2026-07-28T08:39:55.854Z] E0728 10:39:55.853826    3410 watch.go:40] Failed to load config from "/Users/clem/Nucom/suiteadonner/dataconnect": could not find dataconnect.yaml in `/Users/clem/Nucom/suiteadonner/dataconnect`
 {"metadata":{"emulator":{"name":"dataconnect"},"message":"E0728 10:39:55.853826    3410 watch.go:40] Failed to load config from \"/Users/clem/Nucom/suiteadonner/dataconnect\": could not find dataconnect.yaml in `/Users/clem/Nucom/suiteadonner/dataconnect`\n"}}
[debug] [2026-07-28T08:40:05.854Z] E0728 10:40:05.854160    3410 watch.go:40] Failed to load config from "/Users/clem/Nucom/suiteadonner/dataconnect": could not find dataconnect.yaml in `/Users/clem/Nucom/suiteadonner/dataconnect`
 {"metadata":{"emulator":{"name":"dataconnect"},"message":"E0728 10:40:05.854160    3410 watch.go:40] Failed to load config from \"/Users/clem/Nucom/suiteadonner/dataconnect\": could not find dataconnect.yaml in `/Users/clem/Nucom/suiteadonner/dataconnect`\n"}}
[debug] [2026-07-28T08:40:15.854Z] E0728 10:40:15.854045    3410 watch.go:40] Failed to load config from "/Users/clem/Nucom/suiteadonner/dataconnect": could not find dataconnect.yaml in `/Users/clem/Nucom/suiteadonner/dataconnect`
 {"metadata":{"emulator":{"name":"dataconnect"},"message":"E0728 10:40:15.854045    3410 watch.go:40] Failed to load config from \"/Users/clem/Nucom/suiteadonner/dataconnect\": could not find dataconnect.yaml in `/Users/clem/Nucom/suiteadonner/dataconnect`\n"}}
[debug] [2026-07-28T08:40:25.854Z] E0728 10:40:25.853781    3410 watch.go:40] Failed to load config from "/Users/clem/Nucom/suiteadonner/dataconnect": could not find dataconnect.yaml in `/Users/clem/Nucom/suiteadonner/dataconnect`
E0728 10:40:25.853682    3410 watch.go:116] watchAllDir unable to walk dir `/Users/clem/Nucom/suiteadonner/dataconnect`: lstat /Users/clem/Nucom/suiteadonner/dataconnect: no such file or directory
 {"metadata":{"emulator":{"name":"dataconnect"},"message":"E0728 10:40:25.853781    3410 watch.go:40] Failed to load config from \"/Users/clem/Nucom/suiteadonner/dataconnect\": could not find dataconnect.yaml in `/Users/clem/Nucom/suiteadonner/dataconnect`\nE0728 10:40:25.853682    3410 watch.go:116] watchAllDir unable to walk dir `/Users/clem/Nucom/suiteadonner/dataconnect`: lstat /Users/clem/Nucom/suiteadonner/dataconnect: no such file or directory\n"}}
[debug] [2026-07-28T08:40:35.853Z] E0728 10:40:35.853149    3410 watch.go:40] Failed to load config from "/Users/clem/Nucom/suiteadonner/dataconnect": could not find dataconnect.yaml in `/Users/clem/Nucom/suiteadonner/dataconnect`
 {"metadata":{"emulator":{"name":"dataconnect"},"message":"E0728 10:40:35.853149    3410 watch.go:40] Failed to load config from \"/Users/clem/Nucom/suiteadonner/dataconnect\": could not find dataconnect.yaml in `/Users/clem/Nucom/suiteadonner/dataconnect`\n"}}
[debug] [2026-07-28T08:40:45.853Z] E0728 10:40:45.853609    3410 watch.go:40] Failed to load config from "/Users/clem/Nucom/suiteadonner/dataconnect": could not find dataconnect.yaml in `/Users/clem/Nucom/suiteadonner/dataconnect`
 {"metadata":{"emulator":{"name":"dataconnect"},"message":"E0728 10:40:45.853609    3410 watch.go:40] Failed to load config from \"/Users/clem/Nucom/suiteadonner/dataconnect\": could not find dataconnect.yaml in `/Users/clem/Nucom/suiteadonner/dataconnect`\n"}}
[debug] [2026-07-28T08:40:55.853Z] E0728 10:40:55.853680    3410 watch.go:40] Failed to load config from "/Users/clem/Nucom/suiteadonner/dataconnect": could not find dataconnect.yaml in `/Users/clem/Nucom/suiteadonner/dataconnect`
 {"metadata":{"emulator":{"name":"dataconnect"},"message":"E0728 10:40:55.853680    3410 watch.go:40] Failed to load config from \"/Users/clem/Nucom/suiteadonner/dataconnect\": could not find dataconnect.yaml in `/Users/clem/Nucom/suiteadonner/dataconnect`\n"}}
[debug] [2026-07-28T08:41:05.854Z] E0728 10:41:05.853861    3410 watch.go:40] Failed to load config from "/Users/clem/Nucom/suiteadonner/dataconnect": could not find dataconnect.yaml in `/Users/clem/Nucom/suiteadonner/dataconnect`
 {"metadata":{"emulator":{"name":"dataconnect"},"message":"E0728 10:41:05.853861    3410 watch.go:40] Failed to load config from \"/Users/clem/Nucom/suiteadonner/dataconnect\": could not find dataconnect.yaml in `/Users/clem/Nucom/suiteadonner/dataconnect`\n"}}
[debug] [2026-07-28T08:41:15.853Z] E0728 10:41:15.853612    3410 watch.go:40] Failed to load config from "/Users/clem/Nucom/suiteadonner/dataconnect": could not find dataconnect.yaml in `/Users/clem/Nucom/suiteadonner/dataconnect`
 {"metadata":{"emulator":{"name":"dataconnect"},"message":"E0728 10:41:15.853612    3410 watch.go:40] Failed to load config from \"/Users/clem/Nucom/suiteadonner/dataconnect\": could not find dataconnect.yaml in `/Users/clem/Nucom/suiteadonner/dataconnect`\n"}}
[debug] [2026-07-28T08:41:25.853Z] E0728 10:41:25.853552    3410 watch.go:40] Failed to load config from "/Users/clem/Nucom/suiteadonner/dataconnect": could not find dataconnect.yaml in `/Users/clem/Nucom/suiteadonner/dataconnect`
E0728 10:41:25.853530    3410 watch.go:116] watchAllDir unable to walk dir `/Users/clem/Nucom/suiteadonner/dataconnect`: lstat /Users/clem/Nucom/suiteadonner/dataconnect: no such file or directory
 {"metadata":{"emulator":{"name":"dataconnect"},"message":"E0728 10:41:25.853552    3410 watch.go:40] Failed to load config from \"/Users/clem/Nucom/suiteadonner/dataconnect\": could not find dataconnect.yaml in `/Users/clem/Nucom/suiteadonner/dataconnect`\nE0728 10:41:25.853530    3410 watch.go:116] watchAllDir unable to walk dir `/Users/clem/Nucom/suiteadonner/dataconnect`: lstat /Users/clem/Nucom/suiteadonner/dataconnect: no such file or directory\n"}}
[debug] [2026-07-28T08:41:35.853Z] E0728 10:41:35.853625    3410 watch.go:40] Failed to load config from "/Users/clem/Nucom/suiteadonner/dataconnect": could not find dataconnect.yaml in `/Users/clem/Nucom/suiteadonner/dataconnect`
 {"metadata":{"emulator":{"name":"dataconnect"},"message":"E0728 10:41:35.853625    3410 watch.go:40] Failed to load config from \"/Users/clem/Nucom/suiteadonner/dataconnect\": could not find dataconnect.yaml in `/Users/clem/Nucom/suiteadonner/dataconnect`\n"}}
[debug] [2026-07-28T08:41:45.853Z] E0728 10:41:45.853485    3410 watch.go:40] Failed to load config from "/Users/clem/Nucom/suiteadonner/dataconnect": could not find dataconnect.yaml in `/Users/clem/Nucom/suiteadonner/dataconnect`
 {"metadata":{"emulator":{"name":"dataconnect"},"message":"E0728 10:41:45.853485    3410 watch.go:40] Failed to load config from \"/Users/clem/Nucom/suiteadonner/dataconnect\": could not find dataconnect.yaml in `/Users/clem/Nucom/suiteadonner/dataconnect`\n"}}
[debug] [2026-07-28T08:41:55.853Z] E0728 10:41:55.853475    3410 watch.go:40] Failed to load config from "/Users/clem/Nucom/suiteadonner/dataconnect": could not find dataconnect.yaml in `/Users/clem/Nucom/suiteadonner/dataconnect`
 {"metadata":{"emulator":{"name":"dataconnect"},"message":"E0728 10:41:55.853475    3410 watch.go:40] Failed to load config from \"/Users/clem/Nucom/suiteadonner/dataconnect\": could not find dataconnect.yaml in `/Users/clem/Nucom/suiteadonner/dataconnect`\n"}}
[debug] [2026-07-28T08:42:05.853Z] E0728 10:42:05.853314    3410 watch.go:40] Failed to load config from "/Users/clem/Nucom/suiteadonner/dataconnect": could not find dataconnect.yaml in `/Users/clem/Nucom/suiteadonner/dataconnect`
 {"metadata":{"emulator":{"name":"dataconnect"},"message":"E0728 10:42:05.853314    3410 watch.go:40] Failed to load config from \"/Users/clem/Nucom/suiteadonner/dataconnect\": could not find dataconnect.yaml in `/Users/clem/Nucom/suiteadonner/dataconnect`\n"}}
[debug] [2026-07-28T08:42:15.853Z] E0728 10:42:15.853500    3410 watch.go:40] Failed to load config from "/Users/clem/Nucom/suiteadonner/dataconnect": could not find dataconnect.yaml in `/Users/clem/Nucom/suiteadonner/dataconnect`
 {"metadata":{"emulator":{"name":"dataconnect"},"message":"E0728 10:42:15.853500    3410 watch.go:40] Failed to load config from \"/Users/clem/Nucom/suiteadonner/dataconnect\": could not find dataconnect.yaml in `/Users/clem/Nucom/suiteadonner/dataconnect`\n"}}
[debug] [2026-07-28T08:42:25.853Z] E0728 10:42:25.853335    3410 watch.go:116] watchAllDir unable to walk dir `/Users/clem/Nucom/suiteadonner/dataconnect`: lstat /Users/clem/Nucom/suiteadonner/dataconnect: no such file or directory
 {"metadata":{"emulator":{"name":"dataconnect"},"message":"E0728 10:42:25.853335    3410 watch.go:116] watchAllDir unable to walk dir `/Users/clem/Nucom/suiteadonner/dataconnect`: lstat /Users/clem/Nucom/suiteadonner/dataconnect: no such file or directory\n"}}
[debug] [2026-07-28T08:42:25.854Z] E0728 10:42:25.853373    3410 watch.go:40] Failed to load config from "/Users/clem/Nucom/suiteadonner/dataconnect": could not find dataconnect.yaml in `/Users/clem/Nucom/suiteadonner/dataconnect`
 {"metadata":{"emulator":{"name":"dataconnect"},"message":"E0728 10:42:25.853373    3410 watch.go:40] Failed to load config from \"/Users/clem/Nucom/suiteadonner/dataconnect\": could not find dataconnect.yaml in `/Users/clem/Nucom/suiteadonner/dataconnect`\n"}}
[debug] [2026-07-28T08:42:35.853Z] E0728 10:42:35.853421    3410 watch.go:40] Failed to load config from "/Users/clem/Nucom/suiteadonner/dataconnect": could not find dataconnect.yaml in `/Users/clem/Nucom/suiteadonner/dataconnect`
 {"metadata":{"emulator":{"name":"dataconnect"},"message":"E0728 10:42:35.853421    3410 watch.go:40] Failed to load config from \"/Users/clem/Nucom/suiteadonner/dataconnect\": could not find dataconnect.yaml in `/Users/clem/Nucom/suiteadonner/dataconnect`\n"}}
[debug] [2026-07-28T08:42:45.853Z] E0728 10:42:45.853154    3410 watch.go:40] Failed to load config from "/Users/clem/Nucom/suiteadonner/dataconnect": could not find dataconnect.yaml in `/Users/clem/Nucom/suiteadonner/dataconnect`
 {"metadata":{"emulator":{"name":"dataconnect"},"message":"E0728 10:42:45.853154    3410 watch.go:40] Failed to load config from \"/Users/clem/Nucom/suiteadonner/dataconnect\": could not find dataconnect.yaml in `/Users/clem/Nucom/suiteadonner/dataconnect`\n"}}
[debug] [2026-07-28T08:42:55.853Z] E0728 10:42:55.853405    3410 watch.go:40] Failed to load config from "/Users/clem/Nucom/suiteadonner/dataconnect": could not find dataconnect.yaml in `/Users/clem/Nucom/suiteadonner/dataconnect`
 {"metadata":{"emulator":{"name":"dataconnect"},"message":"E0728 10:42:55.853405    3410 watch.go:40] Failed to load config from \"/Users/clem/Nucom/suiteadonner/dataconnect\": could not find dataconnect.yaml in `/Users/clem/Nucom/suiteadonner/dataconnect`\n"}}
[debug] [2026-07-28T08:43:05.853Z] E0728 10:43:05.852978    3410 watch.go:40] Failed to load config from "/Users/clem/Nucom/suiteadonner/dataconnect": could not find dataconnect.yaml in `/Users/clem/Nucom/suiteadonner/dataconnect`
 {"metadata":{"emulator":{"name":"dataconnect"},"message":"E0728 10:43:05.852978    3410 watch.go:40] Failed to load config from \"/Users/clem/Nucom/suiteadonner/dataconnect\": could not find dataconnect.yaml in `/Users/clem/Nucom/suiteadonner/dataconnect`\n"}}
[debug] [2026-07-28T08:43:15.853Z] E0728 10:43:15.852845    3410 watch.go:40] Failed to load config from "/Users/clem/Nucom/suiteadonner/dataconnect": could not find dataconnect.yaml in `/Users/clem/Nucom/suiteadonner/dataconnect`
 {"metadata":{"emulator":{"name":"dataconnect"},"message":"E0728 10:43:15.852845    3410 watch.go:40] Failed to load config from \"/Users/clem/Nucom/suiteadonner/dataconnect\": could not find dataconnect.yaml in `/Users/clem/Nucom/suiteadonner/dataconnect`\n"}}
[debug] [2026-07-28T08:43:25.853Z] E0728 10:43:25.853347    3410 watch.go:40] Failed to load config from "/Users/clem/Nucom/suiteadonner/dataconnect": could not find dataconnect.yaml in `/Users/clem/Nucom/suiteadonner/dataconnect`
E0728 10:43:25.853316    3410 watch.go:116] watchAllDir unable to walk dir `/Users/clem/Nucom/suiteadonner/dataconnect`: lstat /Users/clem/Nucom/suiteadonner/dataconnect: no such file or directory
 {"metadata":{"emulator":{"name":"dataconnect"},"message":"E0728 10:43:25.853347    3410 watch.go:40] Failed to load config from \"/Users/clem/Nucom/suiteadonner/dataconnect\": could not find dataconnect.yaml in `/Users/clem/Nucom/suiteadonner/dataconnect`\nE0728 10:43:25.853316    3410 watch.go:116] watchAllDir unable to walk dir `/Users/clem/Nucom/suiteadonner/dataconnect`: lstat /Users/clem/Nucom/suiteadonner/dataconnect: no such file or directory\n"}}
[debug] [2026-07-28T08:43:35.853Z] E0728 10:43:35.853292    3410 watch.go:40] Failed to load config from "/Users/clem/Nucom/suiteadonner/dataconnect": could not find dataconnect.yaml in `/Users/clem/Nucom/suiteadonner/dataconnect`
 {"metadata":{"emulator":{"name":"dataconnect"},"message":"E0728 10:43:35.853292    3410 watch.go:40] Failed to load config from \"/Users/clem/Nucom/suiteadonner/dataconnect\": could not find dataconnect.yaml in `/Users/clem/Nucom/suiteadonner/dataconnect`\n"}}
[debug] [2026-07-28T08:43:45.853Z] E0728 10:43:45.853141    3410 watch.go:40] Failed to load config from "/Users/clem/Nucom/suiteadonner/dataconnect": could not find dataconnect.yaml in `/Users/clem/Nucom/suiteadonner/dataconnect`
 {"metadata":{"emulator":{"name":"dataconnect"},"message":"E0728 10:43:45.853141    3410 watch.go:40] Failed to load config from \"/Users/clem/Nucom/suiteadonner/dataconnect\": could not find dataconnect.yaml in `/Users/clem/Nucom/suiteadonner/dataconnect`\n"}}
[debug] [2026-07-28T08:43:55.853Z] E0728 10:43:55.852870    3410 watch.go:40] Failed to load config from "/Users/clem/Nucom/suiteadonner/dataconnect": could not find dataconnect.yaml in `/Users/clem/Nucom/suiteadonner/dataconnect`
 {"metadata":{"emulator":{"name":"dataconnect"},"message":"E0728 10:43:55.852870    3410 watch.go:40] Failed to load config from \"/Users/clem/Nucom/suiteadonner/dataconnect\": could not find dataconnect.yaml in `/Users/clem/Nucom/suiteadonner/dataconnect`\n"}}
[debug] [2026-07-28T08:44:05.853Z] E0728 10:44:05.853327    3410 watch.go:40] Failed to load config from "/Users/clem/Nucom/suiteadonner/dataconnect": could not find dataconnect.yaml in `/Users/clem/Nucom/suiteadonner/dataconnect`
 {"metadata":{"emulator":{"name":"dataconnect"},"message":"E0728 10:44:05.853327    3410 watch.go:40] Failed to load config from \"/Users/clem/Nucom/suiteadonner/dataconnect\": could not find dataconnect.yaml in `/Users/clem/Nucom/suiteadonner/dataconnect`\n"}}
[debug] [2026-07-28T08:44:15.853Z] E0728 10:44:15.853316    3410 watch.go:40] Failed to load config from "/Users/clem/Nucom/suiteadonner/dataconnect": could not find dataconnect.yaml in `/Users/clem/Nucom/suiteadonner/dataconnect`
 {"metadata":{"emulator":{"name":"dataconnect"},"message":"E0728 10:44:15.853316    3410 watch.go:40] Failed to load config from \"/Users/clem/Nucom/suiteadonner/dataconnect\": could not find dataconnect.yaml in `/Users/clem/Nucom/suiteadonner/dataconnect`\n"}}
[debug] [2026-07-28T08:44:25.853Z] E0728 10:44:25.852844    3410 watch.go:116] watchAllDir unable to walk dir `/Users/clem/Nucom/suiteadonner/dataconnect`: lstat /Users/clem/Nucom/suiteadonner/dataconnect: no such file or directory
E0728 10:44:25.852903    3410 watch.go:40] Failed to load config from "/Users/clem/Nucom/suiteadonner/dataconnect": could not find dataconnect.yaml in `/Users/clem/Nucom/suiteadonner/dataconnect`
 {"metadata":{"emulator":{"name":"dataconnect"},"message":"E0728 10:44:25.852844    3410 watch.go:116] watchAllDir unable to walk dir `/Users/clem/Nucom/suiteadonner/dataconnect`: lstat /Users/clem/Nucom/suiteadonner/dataconnect: no such file or directory\nE0728 10:44:25.852903    3410 watch.go:40] Failed to load config from \"/Users/clem/Nucom/suiteadonner/dataconnect\": could not find dataconnect.yaml in `/Users/clem/Nucom/suiteadonner/dataconnect`\n"}}
[debug] [2026-07-28T08:44:35.853Z] E0728 10:44:35.853220    3410 watch.go:40] Failed to load config from "/Users/clem/Nucom/suiteadonner/dataconnect": could not find dataconnect.yaml in `/Users/clem/Nucom/suiteadonner/dataconnect`
 {"metadata":{"emulator":{"name":"dataconnect"},"message":"E0728 10:44:35.853220    3410 watch.go:40] Failed to load config from \"/Users/clem/Nucom/suiteadonner/dataconnect\": could not find dataconnect.yaml in `/Users/clem/Nucom/suiteadonner/dataconnect`\n"}}
[debug] [2026-07-28T08:44:45.853Z] E0728 10:44:45.853142    3410 watch.go:40] Failed to load config from "/Users/clem/Nucom/suiteadonner/dataconnect": could not find dataconnect.yaml in `/Users/clem/Nucom/suiteadonner/dataconnect`
 {"metadata":{"emulator":{"name":"dataconnect"},"message":"E0728 10:44:45.853142    3410 watch.go:40] Failed to load config from \"/Users/clem/Nucom/suiteadonner/dataconnect\": could not find dataconnect.yaml in `/Users/clem/Nucom/suiteadonner/dataconnect`\n"}}
[debug] [2026-07-28T08:44:55.855Z] E0728 10:44:55.854112    3410 watch.go:40] Failed to load config from "/Users/clem/Nucom/suiteadonner/dataconnect": could not find dataconnect.yaml in `/Users/clem/Nucom/suiteadonner/dataconnect`
 {"metadata":{"emulator":{"name":"dataconnect"},"message":"E0728 10:44:55.854112    3410 watch.go:40] Failed to load config from \"/Users/clem/Nucom/suiteadonner/dataconnect\": could not find dataconnect.yaml in `/Users/clem/Nucom/suiteadonner/dataconnect`\n"}}
[debug] [2026-07-28T08:45:05.853Z] E0728 10:45:05.853196    3410 watch.go:40] Failed to load config from "/Users/clem/Nucom/suiteadonner/dataconnect": could not find dataconnect.yaml in `/Users/clem/Nucom/suiteadonner/dataconnect`
 {"metadata":{"emulator":{"name":"dataconnect"},"message":"E0728 10:45:05.853196    3410 watch.go:40] Failed to load config from \"/Users/clem/Nucom/suiteadonner/dataconnect\": could not find dataconnect.yaml in `/Users/clem/Nucom/suiteadonner/dataconnect`\n"}}
[debug] [2026-07-28T08:45:15.853Z] E0728 10:45:15.853198    3410 watch.go:40] Failed to load config from "/Users/clem/Nucom/suiteadonner/dataconnect": could not find dataconnect.yaml in `/Users/clem/Nucom/suiteadonner/dataconnect`
 {"metadata":{"emulator":{"name":"dataconnect"},"message":"E0728 10:45:15.853198    3410 watch.go:40] Failed to load config from \"/Users/clem/Nucom/suiteadonner/dataconnect\": could not find dataconnect.yaml in `/Users/clem/Nucom/suiteadonner/dataconnect`\n"}}
[debug] [2026-07-28T08:45:25.853Z] E0728 10:45:25.853071    3410 watch.go:40] Failed to load config from "/Users/clem/Nucom/suiteadonner/dataconnect": could not find dataconnect.yaml in `/Users/clem/Nucom/suiteadonner/dataconnect`
 {"metadata":{"emulator":{"name":"dataconnect"},"message":"E0728 10:45:25.853071    3410 watch.go:40] Failed to load config from \"/Users/clem/Nucom/suiteadonner/dataconnect\": could not find dataconnect.yaml in `/Users/clem/Nucom/suiteadonner/dataconnect`\n"}}
[debug] [2026-07-28T08:45:25.854Z] E0728 10:45:25.853066    3410 watch.go:116] watchAllDir unable to walk dir `/Users/clem/Nucom/suiteadonner/dataconnect`: lstat /Users/clem/Nucom/suiteadonner/dataconnect: no such file or directory
 {"metadata":{"emulator":{"name":"dataconnect"},"message":"E0728 10:45:25.853066    3410 watch.go:116] watchAllDir unable to walk dir `/Users/clem/Nucom/suiteadonner/dataconnect`: lstat /Users/clem/Nucom/suiteadonner/dataconnect: no such file or directory\n"}}
[debug] [2026-07-28T08:45:35.853Z] E0728 10:45:35.853154    3410 watch.go:40] Failed to load config from "/Users/clem/Nucom/suiteadonner/dataconnect": could not find dataconnect.yaml in `/Users/clem/Nucom/suiteadonner/dataconnect`
 {"metadata":{"emulator":{"name":"dataconnect"},"message":"E0728 10:45:35.853154    3410 watch.go:40] Failed to load config from \"/Users/clem/Nucom/suiteadonner/dataconnect\": could not find dataconnect.yaml in `/Users/clem/Nucom/suiteadonner/dataconnect`\n"}}
[debug] [2026-07-28T08:45:45.853Z] E0728 10:45:45.853199    3410 watch.go:40] Failed to load config from "/Users/clem/Nucom/suiteadonner/dataconnect": could not find dataconnect.yaml in `/Users/clem/Nucom/suiteadonner/dataconnect`
 {"metadata":{"emulator":{"name":"dataconnect"},"message":"E0728 10:45:45.853199    3410 watch.go:40] Failed to load config from \"/Users/clem/Nucom/suiteadonner/dataconnect\": could not find dataconnect.yaml in `/Users/clem/Nucom/suiteadonner/dataconnect`\n"}}
[debug] [2026-07-28T08:45:55.854Z] E0728 10:45:55.853694    3410 watch.go:40] Failed to load config from "/Users/clem/Nucom/suiteadonner/dataconnect": could not find dataconnect.yaml in `/Users/clem/Nucom/suiteadonner/dataconnect`
 {"metadata":{"emulator":{"name":"dataconnect"},"message":"E0728 10:45:55.853694    3410 watch.go:40] Failed to load config from \"/Users/clem/Nucom/suiteadonner/dataconnect\": could not find dataconnect.yaml in `/Users/clem/Nucom/suiteadonner/dataconnect`\n"}}
[debug] [2026-07-28T08:46:05.854Z] E0728 10:46:05.854057    3410 watch.go:40] Failed to load config from "/Users/clem/Nucom/suiteadonner/dataconnect": could not find dataconnect.yaml in `/Users/clem/Nucom/suiteadonner/dataconnect`
 {"metadata":{"emulator":{"name":"dataconnect"},"message":"E0728 10:46:05.854057    3410 watch.go:40] Failed to load config from \"/Users/clem/Nucom/suiteadonner/dataconnect\": could not find dataconnect.yaml in `/Users/clem/Nucom/suiteadonner/dataconnect`\n"}}
[debug] [2026-07-28T08:46:15.854Z] E0728 10:46:15.854076    3410 watch.go:40] Failed to load config from "/Users/clem/Nucom/suiteadonner/dataconnect": could not find dataconnect.yaml in `/Users/clem/Nucom/suiteadonner/dataconnect`
 {"metadata":{"emulator":{"name":"dataconnect"},"message":"E0728 10:46:15.854076    3410 watch.go:40] Failed to load config from \"/Users/clem/Nucom/suiteadonner/dataconnect\": could not find dataconnect.yaml in `/Users/clem/Nucom/suiteadonner/dataconnect`\n"}}
[debug] [2026-07-28T08:46:25.854Z] E0728 10:46:25.853982    3410 watch.go:116] watchAllDir unable to walk dir `/Users/clem/Nucom/suiteadonner/dataconnect`: lstat /Users/clem/Nucom/suiteadonner/dataconnect: no such file or directory
 {"metadata":{"emulator":{"name":"dataconnect"},"message":"E0728 10:46:25.853982    3410 watch.go:116] watchAllDir unable to walk dir `/Users/clem/Nucom/suiteadonner/dataconnect`: lstat /Users/clem/Nucom/suiteadonner/dataconnect: no such file or directory\n"}}
[debug] [2026-07-28T08:46:25.856Z] E0728 10:46:25.854286    3410 watch.go:40] Failed to load config from "/Users/clem/Nucom/suiteadonner/dataconnect": could not find dataconnect.yaml in `/Users/clem/Nucom/suiteadonner/dataconnect`
 {"metadata":{"emulator":{"name":"dataconnect"},"message":"E0728 10:46:25.854286    3410 watch.go:40] Failed to load config from \"/Users/clem/Nucom/suiteadonner/dataconnect\": could not find dataconnect.yaml in `/Users/clem/Nucom/suiteadonner/dataconnect`\n"}}
[debug] [2026-07-28T08:46:35.854Z] E0728 10:46:35.853954    3410 watch.go:40] Failed to load config from "/Users/clem/Nucom/suiteadonner/dataconnect": could not find dataconnect.yaml in `/Users/clem/Nucom/suiteadonner/dataconnect`
 {"metadata":{"emulator":{"name":"dataconnect"},"message":"E0728 10:46:35.853954    3410 watch.go:40] Failed to load config from \"/Users/clem/Nucom/suiteadonner/dataconnect\": could not find dataconnect.yaml in `/Users/clem/Nucom/suiteadonner/dataconnect`\n"}}
[debug] [2026-07-28T08:46:45.853Z] E0728 10:46:45.853115    3410 watch.go:40] Failed to load config from "/Users/clem/Nucom/suiteadonner/dataconnect": could not find dataconnect.yaml in `/Users/clem/Nucom/suiteadonner/dataconnect`
 {"metadata":{"emulator":{"name":"dataconnect"},"message":"E0728 10:46:45.853115    3410 watch.go:40] Failed to load config from \"/Users/clem/Nucom/suiteadonner/dataconnect\": could not find dataconnect.yaml in `/Users/clem/Nucom/suiteadonner/dataconnect`\n"}}
[debug] [2026-07-28T08:46:55.852Z] E0728 10:46:55.851991    3410 watch.go:40] Failed to load config from "/Users/clem/Nucom/suiteadonner/dataconnect": could not find dataconnect.yaml in `/Users/clem/Nucom/suiteadonner/dataconnect`
 {"metadata":{"emulator":{"name":"dataconnect"},"message":"E0728 10:46:55.851991    3410 watch.go:40] Failed to load config from \"/Users/clem/Nucom/suiteadonner/dataconnect\": could not find dataconnect.yaml in `/Users/clem/Nucom/suiteadonner/dataconnect`\n"}}
[debug] [2026-07-28T08:47:05.856Z] E0728 10:47:05.856159    3410 watch.go:40] Failed to load config from "/Users/clem/Nucom/suiteadonner/dataconnect": could not find dataconnect.yaml in `/Users/clem/Nucom/suiteadonner/dataconnect`
 {"metadata":{"emulator":{"name":"dataconnect"},"message":"E0728 10:47:05.856159    3410 watch.go:40] Failed to load config from \"/Users/clem/Nucom/suiteadonner/dataconnect\": could not find dataconnect.yaml in `/Users/clem/Nucom/suiteadonner/dataconnect`\n"}}
[debug] [2026-07-28T08:47:15.854Z] E0728 10:47:15.853950    3410 watch.go:40] Failed to load config from "/Users/clem/Nucom/suiteadonner/dataconnect": could not find dataconnect.yaml in `/Users/clem/Nucom/suiteadonner/dataconnect`
 {"metadata":{"emulator":{"name":"dataconnect"},"message":"E0728 10:47:15.853950    3410 watch.go:40] Failed to load config from \"/Users/clem/Nucom/suiteadonner/dataconnect\": could not find dataconnect.yaml in `/Users/clem/Nucom/suiteadonner/dataconnect`\n"}}
[debug] [2026-07-28T08:47:25.853Z] E0728 10:47:25.853211    3410 watch.go:116] watchAllDir unable to walk dir `/Users/clem/Nucom/suiteadonner/dataconnect`: lstat /Users/clem/Nucom/suiteadonner/dataconnect: no such file or directory
E0728 10:47:25.853336    3410 watch.go:40] Failed to load config from "/Users/clem/Nucom/suiteadonner/dataconnect": could not find dataconnect.yaml in `/Users/clem/Nucom/suiteadonner/dataconnect`
 {"metadata":{"emulator":{"name":"dataconnect"},"message":"E0728 10:47:25.853211    3410 watch.go:116] watchAllDir unable to walk dir `/Users/clem/Nucom/suiteadonner/dataconnect`: lstat /Users/clem/Nucom/suiteadonner/dataconnect: no such file or directory\nE0728 10:47:25.853336    3410 watch.go:40] Failed to load config from \"/Users/clem/Nucom/suiteadonner/dataconnect\": could not find dataconnect.yaml in `/Users/clem/Nucom/suiteadonner/dataconnect`\n"}}
[debug] [2026-07-28T08:47:35.853Z] E0728 10:47:35.853573    3410 watch.go:40] Failed to load config from "/Users/clem/Nucom/suiteadonner/dataconnect": could not find dataconnect.yaml in `/Users/clem/Nucom/suiteadonner/dataconnect`
 {"metadata":{"emulator":{"name":"dataconnect"},"message":"E0728 10:47:35.853573    3410 watch.go:40] Failed to load config from \"/Users/clem/Nucom/suiteadonner/dataconnect\": could not find dataconnect.yaml in `/Users/clem/Nucom/suiteadonner/dataconnect`\n"}}
[debug] [2026-07-28T08:47:45.854Z] E0728 10:47:45.853871    3410 watch.go:40] Failed to load config from "/Users/clem/Nucom/suiteadonner/dataconnect": could not find dataconnect.yaml in `/Users/clem/Nucom/suiteadonner/dataconnect`
 {"metadata":{"emulator":{"name":"dataconnect"},"message":"E0728 10:47:45.853871    3410 watch.go:40] Failed to load config from \"/Users/clem/Nucom/suiteadonner/dataconnect\": could not find dataconnect.yaml in `/Users/clem/Nucom/suiteadonner/dataconnect`\n"}}
[debug] [2026-07-28T08:47:55.852Z] E0728 10:47:55.852498    3410 watch.go:40] Failed to load config from "/Users/clem/Nucom/suiteadonner/dataconnect": could not find dataconnect.yaml in `/Users/clem/Nucom/suiteadonner/dataconnect`
 {"metadata":{"emulator":{"name":"dataconnect"},"message":"E0728 10:47:55.852498    3410 watch.go:40] Failed to load config from \"/Users/clem/Nucom/suiteadonner/dataconnect\": could not find dataconnect.yaml in `/Users/clem/Nucom/suiteadonner/dataconnect`\n"}}
[debug] [2026-07-28T08:48:05.856Z] E0728 10:48:05.855330    3410 watch.go:40] Failed to load config from "/Users/clem/Nucom/suiteadonner/dataconnect": could not find dataconnect.yaml in `/Users/clem/Nucom/suiteadonner/dataconnect`
 {"metadata":{"emulator":{"name":"dataconnect"},"message":"E0728 10:48:05.855330    3410 watch.go:40] Failed to load config from \"/Users/clem/Nucom/suiteadonner/dataconnect\": could not find dataconnect.yaml in `/Users/clem/Nucom/suiteadonner/dataconnect`\n"}}
[debug] [2026-07-28T08:48:15.860Z] E0728 10:48:15.860568    3410 watch.go:40] Failed to load config from "/Users/clem/Nucom/suiteadonner/dataconnect": could not find dataconnect.yaml in `/Users/clem/Nucom/suiteadonner/dataconnect`
 {"metadata":{"emulator":{"name":"dataconnect"},"message":"E0728 10:48:15.860568    3410 watch.go:40] Failed to load config from \"/Users/clem/Nucom/suiteadonner/dataconnect\": could not find dataconnect.yaml in `/Users/clem/Nucom/suiteadonner/dataconnect`\n"}}
[debug] [2026-07-28T08:48:25.862Z] E0728 10:48:25.861932    3410 watch.go:116] watchAllDir unable to walk dir `/Users/clem/Nucom/suiteadonner/dataconnect`: lstat /Users/clem/Nucom/suiteadonner/dataconnect: no such file or directory
E0728 10:48:25.862051    3410 watch.go:40] Failed to load config from "/Users/clem/Nucom/suiteadonner/dataconnect": could not find dataconnect.yaml in `/Users/clem/Nucom/suiteadonner/dataconnect`
 {"metadata":{"emulator":{"name":"dataconnect"},"message":"E0728 10:48:25.861932    3410 watch.go:116] watchAllDir unable to walk dir `/Users/clem/Nucom/suiteadonner/dataconnect`: lstat /Users/clem/Nucom/suiteadonner/dataconnect: no such file or directory\nE0728 10:48:25.862051    3410 watch.go:40] Failed to load config from \"/Users/clem/Nucom/suiteadonner/dataconnect\": could not find dataconnect.yaml in `/Users/clem/Nucom/suiteadonner/dataconnect`\n"}}
[debug] [2026-07-28T08:48:35.863Z] E0728 10:48:35.863620    3410 watch.go:40] Failed to load config from "/Users/clem/Nucom/suiteadonner/dataconnect": could not find dataconnect.yaml in `/Users/clem/Nucom/suiteadonner/dataconnect`
 {"metadata":{"emulator":{"name":"dataconnect"},"message":"E0728 10:48:35.863620    3410 watch.go:40] Failed to load config from \"/Users/clem/Nucom/suiteadonner/dataconnect\": could not find dataconnect.yaml in `/Users/clem/Nucom/suiteadonner/dataconnect`\n"}}
[debug] [2026-07-28T08:48:45.862Z] E0728 10:48:45.862715    3410 watch.go:40] Failed to load config from "/Users/clem/Nucom/suiteadonner/dataconnect": could not find dataconnect.yaml in `/Users/clem/Nucom/suiteadonner/dataconnect`
 {"metadata":{"emulator":{"name":"dataconnect"},"message":"E0728 10:48:45.862715    3410 watch.go:40] Failed to load config from \"/Users/clem/Nucom/suiteadonner/dataconnect\": could not find dataconnect.yaml in `/Users/clem/Nucom/suiteadonner/dataconnect`\n"}}
[debug] [2026-07-28T08:48:55.864Z] E0728 10:48:55.863760    3410 watch.go:40] Failed to load config from "/Users/clem/Nucom/suiteadonner/dataconnect": could not find dataconnect.yaml in `/Users/clem/Nucom/suiteadonner/dataconnect`
 {"metadata":{"emulator":{"name":"dataconnect"},"message":"E0728 10:48:55.863760    3410 watch.go:40] Failed to load config from \"/Users/clem/Nucom/suiteadonner/dataconnect\": could not find dataconnect.yaml in `/Users/clem/Nucom/suiteadonner/dataconnect`\n"}}
[debug] [2026-07-28T08:49:05.864Z] E0728 10:49:05.864392    3410 watch.go:40] Failed to load config from "/Users/clem/Nucom/suiteadonner/dataconnect": could not find dataconnect.yaml in `/Users/clem/Nucom/suiteadonner/dataconnect`
 {"metadata":{"emulator":{"name":"dataconnect"},"message":"E0728 10:49:05.864392    3410 watch.go:40] Failed to load config from \"/Users/clem/Nucom/suiteadonner/dataconnect\": could not find dataconnect.yaml in `/Users/clem/Nucom/suiteadonner/dataconnect`\n"}}
[debug] [2026-07-28T08:49:15.864Z] E0728 10:49:15.864479    3410 watch.go:40] Failed to load config from "/Users/clem/Nucom/suiteadonner/dataconnect": could not find dataconnect.yaml in `/Users/clem/Nucom/suiteadonner/dataconnect`
 {"metadata":{"emulator":{"name":"dataconnect"},"message":"E0728 10:49:15.864479    3410 watch.go:40] Failed to load config from \"/Users/clem/Nucom/suiteadonner/dataconnect\": could not find dataconnect.yaml in `/Users/clem/Nucom/suiteadonner/dataconnect`\n"}}
[debug] [2026-07-28T08:49:25.863Z] E0728 10:49:25.863372    3410 watch.go:116] watchAllDir unable to walk dir `/Users/clem/Nucom/suiteadonner/dataconnect`: lstat /Users/clem/Nucom/suiteadonner/dataconnect: no such file or directory
E0728 10:49:25.863532    3410 watch.go:40] Failed to load config from "/Users/clem/Nucom/suiteadonner/dataconnect": could not find dataconnect.yaml in `/Users/clem/Nucom/suiteadonner/dataconnect`
 {"metadata":{"emulator":{"name":"dataconnect"},"message":"E0728 10:49:25.863372    3410 watch.go:116] watchAllDir unable to walk dir `/Users/clem/Nucom/suiteadonner/dataconnect`: lstat /Users/clem/Nucom/suiteadonner/dataconnect: no such file or directory\nE0728 10:49:25.863532    3410 watch.go:40] Failed to load config from \"/Users/clem/Nucom/suiteadonner/dataconnect\": could not find dataconnect.yaml in `/Users/clem/Nucom/suiteadonner/dataconnect`\n"}}
[debug] [2026-07-28T08:49:35.864Z] E0728 10:49:35.864542    3410 watch.go:40] Failed to load config from "/Users/clem/Nucom/suiteadonner/dataconnect": could not find dataconnect.yaml in `/Users/clem/Nucom/suiteadonner/dataconnect`
 {"metadata":{"emulator":{"name":"dataconnect"},"message":"E0728 10:49:35.864542    3410 watch.go:40] Failed to load config from \"/Users/clem/Nucom/suiteadonner/dataconnect\": could not find dataconnect.yaml in `/Users/clem/Nucom/suiteadonner/dataconnect`\n"}}
[debug] [2026-07-28T08:49:45.864Z] E0728 10:49:45.864055    3410 watch.go:40] Failed to load config from "/Users/clem/Nucom/suiteadonner/dataconnect": could not find dataconnect.yaml in `/Users/clem/Nucom/suiteadonner/dataconnect`
 {"metadata":{"emulator":{"name":"dataconnect"},"message":"E0728 10:49:45.864055    3410 watch.go:40] Failed to load config from \"/Users/clem/Nucom/suiteadonner/dataconnect\": could not find dataconnect.yaml in `/Users/clem/Nucom/suiteadonner/dataconnect`\n"}}
[debug] [2026-07-28T08:49:55.865Z] E0728 10:49:55.864232    3410 watch.go:40] Failed to load config from "/Users/clem/Nucom/suiteadonner/dataconnect": could not find dataconnect.yaml in `/Users/clem/Nucom/suiteadonner/dataconnect`
 {"metadata":{"emulator":{"name":"dataconnect"},"message":"E0728 10:49:55.864232    3410 watch.go:40] Failed to load config from \"/Users/clem/Nucom/suiteadonner/dataconnect\": could not find dataconnect.yaml in `/Users/clem/Nucom/suiteadonner/dataconnect`\n"}}
[debug] [2026-07-28T08:50:05.864Z] E0728 10:50:05.864098    3410 watch.go:40] Failed to load config from "/Users/clem/Nucom/suiteadonner/dataconnect": could not find dataconnect.yaml in `/Users/clem/Nucom/suiteadonner/dataconnect`
 {"metadata":{"emulator":{"name":"dataconnect"},"message":"E0728 10:50:05.864098    3410 watch.go:40] Failed to load config from \"/Users/clem/Nucom/suiteadonner/dataconnect\": could not find dataconnect.yaml in `/Users/clem/Nucom/suiteadonner/dataconnect`\n"}}
[debug] [2026-07-28T08:50:15.864Z] E0728 10:50:15.864129    3410 watch.go:40] Failed to load config from "/Users/clem/Nucom/suiteadonner/dataconnect": could not find dataconnect.yaml in `/Users/clem/Nucom/suiteadonner/dataconnect`
 {"metadata":{"emulator":{"name":"dataconnect"},"message":"E0728 10:50:15.864129    3410 watch.go:40] Failed to load config from \"/Users/clem/Nucom/suiteadonner/dataconnect\": could not find dataconnect.yaml in `/Users/clem/Nucom/suiteadonner/dataconnect`\n"}}
[debug] [2026-07-28T08:50:25.863Z] E0728 10:50:25.863498    3410 watch.go:116] watchAllDir unable to walk dir `/Users/clem/Nucom/suiteadonner/dataconnect`: lstat /Users/clem/Nucom/suiteadonner/dataconnect: no such file or directory
E0728 10:50:25.863566    3410 watch.go:40] Failed to load config from "/Users/clem/Nucom/suiteadonner/dataconnect": could not find dataconnect.yaml in `/Users/clem/Nucom/suiteadonner/dataconnect`
 {"metadata":{"emulator":{"name":"dataconnect"},"message":"E0728 10:50:25.863498    3410 watch.go:116] watchAllDir unable to walk dir `/Users/clem/Nucom/suiteadonner/dataconnect`: lstat /Users/clem/Nucom/suiteadonner/dataconnect: no such file or directory\nE0728 10:50:25.863566    3410 watch.go:40] Failed to load config from \"/Users/clem/Nucom/suiteadonner/dataconnect\": could not find dataconnect.yaml in `/Users/clem/Nucom/suiteadonner/dataconnect`\n"}}
[debug] [2026-07-28T08:50:35.864Z] E0728 10:50:35.864683    3410 watch.go:40] Failed to load config from "/Users/clem/Nucom/suiteadonner/dataconnect": could not find dataconnect.yaml in `/Users/clem/Nucom/suiteadonner/dataconnect`
 {"metadata":{"emulator":{"name":"dataconnect"},"message":"E0728 10:50:35.864683    3410 watch.go:40] Failed to load config from \"/Users/clem/Nucom/suiteadonner/dataconnect\": could not find dataconnect.yaml in `/Users/clem/Nucom/suiteadonner/dataconnect`\n"}}
[debug] [2026-07-28T08:50:45.864Z] E0728 10:50:45.864637    3410 watch.go:40] Failed to load config from "/Users/clem/Nucom/suiteadonner/dataconnect": could not find dataconnect.yaml in `/Users/clem/Nucom/suiteadonner/dataconnect`
 {"metadata":{"emulator":{"name":"dataconnect"},"message":"E0728 10:50:45.864637    3410 watch.go:40] Failed to load config from \"/Users/clem/Nucom/suiteadonner/dataconnect\": could not find dataconnect.yaml in `/Users/clem/Nucom/suiteadonner/dataconnect`\n"}}
[debug] [2026-07-28T08:50:55.863Z] E0728 10:50:55.863333    3410 watch.go:40] Failed to load config from "/Users/clem/Nucom/suiteadonner/dataconnect": could not find dataconnect.yaml in `/Users/clem/Nucom/suiteadonner/dataconnect`
 {"metadata":{"emulator":{"name":"dataconnect"},"message":"E0728 10:50:55.863333    3410 watch.go:40] Failed to load config from \"/Users/clem/Nucom/suiteadonner/dataconnect\": could not find dataconnect.yaml in `/Users/clem/Nucom/suiteadonner/dataconnect`\n"}}
[debug] [2026-07-28T09:06:04.073Z] E0728 11:06:04.072504    3410 watch.go:40] Failed to load config from "/Users/clem/Nucom/suiteadonner/dataconnect": could not find dataconnect.yaml in `/Users/clem/Nucom/suiteadonner/dataconnect`
 {"metadata":{"emulator":{"name":"dataconnect"},"message":"E0728 11:06:04.072504    3410 watch.go:40] Failed to load config from \"/Users/clem/Nucom/suiteadonner/dataconnect\": could not find dataconnect.yaml in `/Users/clem/Nucom/suiteadonner/dataconnect`\n"}}
[debug] [2026-07-28T09:06:14.059Z] E0728 11:06:14.058759    3410 watch.go:40] Failed to load config from "/Users/clem/Nucom/suiteadonner/dataconnect": could not find dataconnect.yaml in `/Users/clem/Nucom/suiteadonner/dataconnect`
 {"metadata":{"emulator":{"name":"dataconnect"},"message":"E0728 11:06:14.058759    3410 watch.go:40] Failed to load config from \"/Users/clem/Nucom/suiteadonner/dataconnect\": could not find dataconnect.yaml in `/Users/clem/Nucom/suiteadonner/dataconnect`\n"}}
[debug] [2026-07-28T09:06:24.052Z] E0728 11:06:24.051754    3410 watch.go:40] Failed to load config from "/Users/clem/Nucom/suiteadonner/dataconnect": could not find dataconnect.yaml in `/Users/clem/Nucom/suiteadonner/dataconnect`
E0728 11:06:24.051660    3410 watch.go:116] watchAllDir unable to walk dir `/Users/clem/Nucom/suiteadonner/dataconnect`: lstat /Users/clem/Nucom/suiteadonner/dataconnect: no such file or directory
 {"metadata":{"emulator":{"name":"dataconnect"},"message":"E0728 11:06:24.051754    3410 watch.go:40] Failed to load config from \"/Users/clem/Nucom/suiteadonner/dataconnect\": could not find dataconnect.yaml in `/Users/clem/Nucom/suiteadonner/dataconnect`\nE0728 11:06:24.051660    3410 watch.go:116] watchAllDir unable to walk dir `/Users/clem/Nucom/suiteadonner/dataconnect`: lstat /Users/clem/Nucom/suiteadonner/dataconnect: no such file or directory\n"}}
[debug] [2026-07-28T09:06:34.048Z] E0728 11:06:34.048002    3410 watch.go:40] Failed to load config from "/Users/clem/Nucom/suiteadonner/dataconnect": could not find dataconnect.yaml in `/Users/clem/Nucom/suiteadonner/dataconnect`
 {"metadata":{"emulator":{"name":"dataconnect"},"message":"E0728 11:06:34.048002    3410 watch.go:40] Failed to load config from \"/Users/clem/Nucom/suiteadonner/dataconnect\": could not find dataconnect.yaml in `/Users/clem/Nucom/suiteadonner/dataconnect`\n"}}
[debug] [2026-07-28T09:06:44.046Z] E0728 11:06:44.045933    3410 watch.go:40] Failed to load config from "/Users/clem/Nucom/suiteadonner/dataconnect": could not find dataconnect.yaml in `/Users/clem/Nucom/suiteadonner/dataconnect`
 {"metadata":{"emulator":{"name":"dataconnect"},"message":"E0728 11:06:44.045933    3410 watch.go:40] Failed to load config from \"/Users/clem/Nucom/suiteadonner/dataconnect\": could not find dataconnect.yaml in `/Users/clem/Nucom/suiteadonner/dataconnect`\n"}}
[debug] [2026-07-28T09:06:54.045Z] E0728 11:06:54.044854    3410 watch.go:40] Failed to load config from "/Users/clem/Nucom/suiteadonner/dataconnect": could not find dataconnect.yaml in `/Users/clem/Nucom/suiteadonner/dataconnect`
 {"metadata":{"emulator":{"name":"dataconnect"},"message":"E0728 11:06:54.044854    3410 watch.go:40] Failed to load config from \"/Users/clem/Nucom/suiteadonner/dataconnect\": could not find dataconnect.yaml in `/Users/clem/Nucom/suiteadonner/dataconnect`\n"}}
[debug] [2026-07-28T09:07:04.044Z] E0728 11:07:04.044279    3410 watch.go:40] Failed to load config from "/Users/clem/Nucom/suiteadonner/dataconnect": could not find dataconnect.yaml in `/Users/clem/Nucom/suiteadonner/dataconnect`
 {"metadata":{"emulator":{"name":"dataconnect"},"message":"E0728 11:07:04.044279    3410 watch.go:40] Failed to load config from \"/Users/clem/Nucom/suiteadonner/dataconnect\": could not find dataconnect.yaml in `/Users/clem/Nucom/suiteadonner/dataconnect`\n"}}
[debug] [2026-07-28T09:07:14.044Z] E0728 11:07:14.043877    3410 watch.go:40] Failed to load config from "/Users/clem/Nucom/suiteadonner/dataconnect": could not find dataconnect.yaml in `/Users/clem/Nucom/suiteadonner/dataconnect`
 {"metadata":{"emulator":{"name":"dataconnect"},"message":"E0728 11:07:14.043877    3410 watch.go:40] Failed to load config from \"/Users/clem/Nucom/suiteadonner/dataconnect\": could not find dataconnect.yaml in `/Users/clem/Nucom/suiteadonner/dataconnect`\n"}}
[debug] [2026-07-28T09:07:24.043Z] E0728 11:07:24.043665    3410 watch.go:40] Failed to load config from "/Users/clem/Nucom/suiteadonner/dataconnect": could not find dataconnect.yaml in `/Users/clem/Nucom/suiteadonner/dataconnect`
E0728 11:07:24.043597    3410 watch.go:116] watchAllDir unable to walk dir `/Users/clem/Nucom/suiteadonner/dataconnect`: lstat /Users/clem/Nucom/suiteadonner/dataconnect: no such file or directory
 {"metadata":{"emulator":{"name":"dataconnect"},"message":"E0728 11:07:24.043665    3410 watch.go:40] Failed to load config from \"/Users/clem/Nucom/suiteadonner/dataconnect\": could not find dataconnect.yaml in `/Users/clem/Nucom/suiteadonner/dataconnect`\nE0728 11:07:24.043597    3410 watch.go:116] watchAllDir unable to walk dir `/Users/clem/Nucom/suiteadonner/dataconnect`: lstat /Users/clem/Nucom/suiteadonner/dataconnect: no such file or directory\n"}}
[debug] [2026-07-28T09:07:34.044Z] E0728 11:07:34.043527    3410 watch.go:40] Failed to load config from "/Users/clem/Nucom/suiteadonner/dataconnect": could not find dataconnect.yaml in `/Users/clem/Nucom/suiteadonner/dataconnect`
 {"metadata":{"emulator":{"name":"dataconnect"},"message":"E0728 11:07:34.043527    3410 watch.go:40] Failed to load config from \"/Users/clem/Nucom/suiteadonner/dataconnect\": could not find dataconnect.yaml in `/Users/clem/Nucom/suiteadonner/dataconnect`\n"}}
[debug] [2026-07-28T09:07:44.042Z] E0728 11:07:44.041990    3410 watch.go:40] Failed to load config from "/Users/clem/Nucom/suiteadonner/dataconnect": could not find dataconnect.yaml in `/Users/clem/Nucom/suiteadonner/dataconnect`
 {"metadata":{"emulator":{"name":"dataconnect"},"message":"E0728 11:07:44.041990    3410 watch.go:40] Failed to load config from \"/Users/clem/Nucom/suiteadonner/dataconnect\": could not find dataconnect.yaml in `/Users/clem/Nucom/suiteadonner/dataconnect`\n"}}
[debug] [2026-07-28T09:07:54.043Z] E0728 11:07:54.043356    3410 watch.go:40] Failed to load config from "/Users/clem/Nucom/suiteadonner/dataconnect": could not find dataconnect.yaml in `/Users/clem/Nucom/suiteadonner/dataconnect`
 {"metadata":{"emulator":{"name":"dataconnect"},"message":"E0728 11:07:54.043356    3410 watch.go:40] Failed to load config from \"/Users/clem/Nucom/suiteadonner/dataconnect\": could not find dataconnect.yaml in `/Users/clem/Nucom/suiteadonner/dataconnect`\n"}}
[debug] [2026-07-28T09:08:04.043Z] E0728 11:08:04.043281    3410 watch.go:40] Failed to load config from "/Users/clem/Nucom/suiteadonner/dataconnect": could not find dataconnect.yaml in `/Users/clem/Nucom/suiteadonner/dataconnect`
 {"metadata":{"emulator":{"name":"dataconnect"},"message":"E0728 11:08:04.043281    3410 watch.go:40] Failed to load config from \"/Users/clem/Nucom/suiteadonner/dataconnect\": could not find dataconnect.yaml in `/Users/clem/Nucom/suiteadonner/dataconnect`\n"}}
[debug] [2026-07-28T09:08:14.043Z] E0728 11:08:14.043126    3410 watch.go:40] Failed to load config from "/Users/clem/Nucom/suiteadonner/dataconnect": could not find dataconnect.yaml in `/Users/clem/Nucom/suiteadonner/dataconnect`
 {"metadata":{"emulator":{"name":"dataconnect"},"message":"E0728 11:08:14.043126    3410 watch.go:40] Failed to load config from \"/Users/clem/Nucom/suiteadonner/dataconnect\": could not find dataconnect.yaml in `/Users/clem/Nucom/suiteadonner/dataconnect`\n"}}
[debug] [2026-07-28T09:08:24.044Z] E0728 11:08:24.042988    3410 watch.go:116] watchAllDir unable to walk dir `/Users/clem/Nucom/suiteadonner/dataconnect`: lstat /Users/clem/Nucom/suiteadonner/dataconnect: no such file or directory
 {"metadata":{"emulator":{"name":"dataconnect"},"message":"E0728 11:08:24.042988    3410 watch.go:116] watchAllDir unable to walk dir `/Users/clem/Nucom/suiteadonner/dataconnect`: lstat /Users/clem/Nucom/suiteadonner/dataconnect: no such file or directory\n"}}
[debug] [2026-07-28T09:08:24.045Z] E0728 11:08:24.043983    3410 watch.go:40] Failed to load config from "/Users/clem/Nucom/suiteadonner/dataconnect": could not find dataconnect.yaml in `/Users/clem/Nucom/suiteadonner/dataconnect`
 {"metadata":{"emulator":{"name":"dataconnect"},"message":"E0728 11:08:24.043983    3410 watch.go:40] Failed to load config from \"/Users/clem/Nucom/suiteadonner/dataconnect\": could not find dataconnect.yaml in `/Users/clem/Nucom/suiteadonner/dataconnect`\n"}}
[debug] [2026-07-28T09:08:34.043Z] E0728 11:08:34.043074    3410 watch.go:40] Failed to load config from "/Users/clem/Nucom/suiteadonner/dataconnect": could not find dataconnect.yaml in `/Users/clem/Nucom/suiteadonner/dataconnect`
 {"metadata":{"emulator":{"name":"dataconnect"},"message":"E0728 11:08:34.043074    3410 watch.go:40] Failed to load config from \"/Users/clem/Nucom/suiteadonner/dataconnect\": could not find dataconnect.yaml in `/Users/clem/Nucom/suiteadonner/dataconnect`\n"}}
[debug] [2026-07-28T09:08:44.041Z] E0728 11:08:44.041291    3410 watch.go:40] Failed to load config from "/Users/clem/Nucom/suiteadonner/dataconnect": could not find dataconnect.yaml in `/Users/clem/Nucom/suiteadonner/dataconnect`
 {"metadata":{"emulator":{"name":"dataconnect"},"message":"E0728 11:08:44.041291    3410 watch.go:40] Failed to load config from \"/Users/clem/Nucom/suiteadonner/dataconnect\": could not find dataconnect.yaml in `/Users/clem/Nucom/suiteadonner/dataconnect`\n"}}
[debug] [2026-07-28T09:08:54.042Z] E0728 11:08:54.042516    3410 watch.go:40] Failed to load config from "/Users/clem/Nucom/suiteadonner/dataconnect": could not find dataconnect.yaml in `/Users/clem/Nucom/suiteadonner/dataconnect`
 {"metadata":{"emulator":{"name":"dataconnect"},"message":"E0728 11:08:54.042516    3410 watch.go:40] Failed to load config from \"/Users/clem/Nucom/suiteadonner/dataconnect\": could not find dataconnect.yaml in `/Users/clem/Nucom/suiteadonner/dataconnect`\n"}}
[debug] [2026-07-28T09:09:04.043Z] E0728 11:09:04.042845    3410 watch.go:40] Failed to load config from "/Users/clem/Nucom/suiteadonner/dataconnect": could not find dataconnect.yaml in `/Users/clem/Nucom/suiteadonner/dataconnect`
 {"metadata":{"emulator":{"name":"dataconnect"},"message":"E0728 11:09:04.042845    3410 watch.go:40] Failed to load config from \"/Users/clem/Nucom/suiteadonner/dataconnect\": could not find dataconnect.yaml in `/Users/clem/Nucom/suiteadonner/dataconnect`\n"}}
[debug] [2026-07-28T09:09:14.043Z] E0728 11:09:14.042840    3410 watch.go:40] Failed to load config from "/Users/clem/Nucom/suiteadonner/dataconnect": could not find dataconnect.yaml in `/Users/clem/Nucom/suiteadonner/dataconnect`
 {"metadata":{"emulator":{"name":"dataconnect"},"message":"E0728 11:09:14.042840    3410 watch.go:40] Failed to load config from \"/Users/clem/Nucom/suiteadonner/dataconnect\": could not find dataconnect.yaml in `/Users/clem/Nucom/suiteadonner/dataconnect`\n"}}
[debug] [2026-07-28T09:09:24.041Z] E0728 11:09:24.041503    3410 watch.go:116] watchAllDir unable to walk dir `/Users/clem/Nucom/suiteadonner/dataconnect`: lstat /Users/clem/Nucom/suiteadonner/dataconnect: no such file or directory
E0728 11:09:24.041549    3410 watch.go:40] Failed to load config from "/Users/clem/Nucom/suiteadonner/dataconnect": could not find dataconnect.yaml in `/Users/clem/Nucom/suiteadonner/dataconnect`
 {"metadata":{"emulator":{"name":"dataconnect"},"message":"E0728 11:09:24.041503    3410 watch.go:116] watchAllDir unable to walk dir `/Users/clem/Nucom/suiteadonner/dataconnect`: lstat /Users/clem/Nucom/suiteadonner/dataconnect: no such file or directory\nE0728 11:09:24.041549    3410 watch.go:40] Failed to load config from \"/Users/clem/Nucom/suiteadonner/dataconnect\": could not find dataconnect.yaml in `/Users/clem/Nucom/suiteadonner/dataconnect`\n"}}
[debug] [2026-07-28T09:09:34.042Z] E0728 11:09:34.042590    3410 watch.go:40] Failed to load config from "/Users/clem/Nucom/suiteadonner/dataconnect": could not find dataconnect.yaml in `/Users/clem/Nucom/suiteadonner/dataconnect`
 {"metadata":{"emulator":{"name":"dataconnect"},"message":"E0728 11:09:34.042590    3410 watch.go:40] Failed to load config from \"/Users/clem/Nucom/suiteadonner/dataconnect\": could not find dataconnect.yaml in `/Users/clem/Nucom/suiteadonner/dataconnect`\n"}}
[debug] [2026-07-28T09:09:44.042Z] E0728 11:09:44.042081    3410 watch.go:40] Failed to load config from "/Users/clem/Nucom/suiteadonner/dataconnect": could not find dataconnect.yaml in `/Users/clem/Nucom/suiteadonner/dataconnect`
 {"metadata":{"emulator":{"name":"dataconnect"},"message":"E0728 11:09:44.042081    3410 watch.go:40] Failed to load config from \"/Users/clem/Nucom/suiteadonner/dataconnect\": could not find dataconnect.yaml in `/Users/clem/Nucom/suiteadonner/dataconnect`\n"}}
[debug] [2026-07-28T09:09:54.042Z] E0728 11:09:54.042560    3410 watch.go:40] Failed to load config from "/Users/clem/Nucom/suiteadonner/dataconnect": could not find dataconnect.yaml in `/Users/clem/Nucom/suiteadonner/dataconnect`
 {"metadata":{"emulator":{"name":"dataconnect"},"message":"E0728 11:09:54.042560    3410 watch.go:40] Failed to load config from \"/Users/clem/Nucom/suiteadonner/dataconnect\": could not find dataconnect.yaml in `/Users/clem/Nucom/suiteadonner/dataconnect`\n"}}
[debug] [2026-07-28T09:10:04.041Z] E0728 11:10:04.041193    3410 watch.go:40] Failed to load config from "/Users/clem/Nucom/suiteadonner/dataconnect": could not find dataconnect.yaml in `/Users/clem/Nucom/suiteadonner/dataconnect`
 {"metadata":{"emulator":{"name":"dataconnect"},"message":"E0728 11:10:04.041193    3410 watch.go:40] Failed to load config from \"/Users/clem/Nucom/suiteadonner/dataconnect\": could not find dataconnect.yaml in `/Users/clem/Nucom/suiteadonner/dataconnect`\n"}}
[debug] [2026-07-28T09:10:14.042Z] E0728 11:10:14.042306    3410 watch.go:40] Failed to load config from "/Users/clem/Nucom/suiteadonner/dataconnect": could not find dataconnect.yaml in `/Users/clem/Nucom/suiteadonner/dataconnect`
 {"metadata":{"emulator":{"name":"dataconnect"},"message":"E0728 11:10:14.042306    3410 watch.go:40] Failed to load config from \"/Users/clem/Nucom/suiteadonner/dataconnect\": could not find dataconnect.yaml in `/Users/clem/Nucom/suiteadonner/dataconnect`\n"}}
[debug] [2026-07-28T09:10:24.041Z] E0728 11:10:24.041400    3410 watch.go:40] Failed to load config from "/Users/clem/Nucom/suiteadonner/dataconnect": could not find dataconnect.yaml in `/Users/clem/Nucom/suiteadonner/dataconnect`
E0728 11:10:24.041353    3410 watch.go:116] watchAllDir unable to walk dir `/Users/clem/Nucom/suiteadonner/dataconnect`: lstat /Users/clem/Nucom/suiteadonner/dataconnect: no such file or directory
 {"metadata":{"emulator":{"name":"dataconnect"},"message":"E0728 11:10:24.041400    3410 watch.go:40] Failed to load config from \"/Users/clem/Nucom/suiteadonner/dataconnect\": could not find dataconnect.yaml in `/Users/clem/Nucom/suiteadonner/dataconnect`\nE0728 11:10:24.041353    3410 watch.go:116] watchAllDir unable to walk dir `/Users/clem/Nucom/suiteadonner/dataconnect`: lstat /Users/clem/Nucom/suiteadonner/dataconnect: no such file or directory\n"}}
[debug] [2026-07-28T09:10:34.042Z] E0728 11:10:34.042153    3410 watch.go:40] Failed to load config from "/Users/clem/Nucom/suiteadonner/dataconnect": could not find dataconnect.yaml in `/Users/clem/Nucom/suiteadonner/dataconnect`
 {"metadata":{"emulator":{"name":"dataconnect"},"message":"E0728 11:10:34.042153    3410 watch.go:40] Failed to load config from \"/Users/clem/Nucom/suiteadonner/dataconnect\": could not find dataconnect.yaml in `/Users/clem/Nucom/suiteadonner/dataconnect`\n"}}
[debug] [2026-07-28T09:10:44.042Z] E0728 11:10:44.042136    3410 watch.go:40] Failed to load config from "/Users/clem/Nucom/suiteadonner/dataconnect": could not find dataconnect.yaml in `/Users/clem/Nucom/suiteadonner/dataconnect`
 {"metadata":{"emulator":{"name":"dataconnect"},"message":"E0728 11:10:44.042136    3410 watch.go:40] Failed to load config from \"/Users/clem/Nucom/suiteadonner/dataconnect\": could not find dataconnect.yaml in `/Users/clem/Nucom/suiteadonner/dataconnect`\n"}}
[debug] [2026-07-28T09:10:54.041Z] E0728 11:10:54.040691    3410 watch.go:40] Failed to load config from "/Users/clem/Nucom/suiteadonner/dataconnect": could not find dataconnect.yaml in `/Users/clem/Nucom/suiteadonner/dataconnect`
 {"metadata":{"emulator":{"name":"dataconnect"},"message":"E0728 11:10:54.040691    3410 watch.go:40] Failed to load config from \"/Users/clem/Nucom/suiteadonner/dataconnect\": could not find dataconnect.yaml in `/Users/clem/Nucom/suiteadonner/dataconnect`\n"}}
[debug] [2026-07-28T09:11:04.042Z] E0728 11:11:04.041988    3410 watch.go:40] Failed to load config from "/Users/clem/Nucom/suiteadonner/dataconnect": could not find dataconnect.yaml in `/Users/clem/Nucom/suiteadonner/dataconnect`
 {"metadata":{"emulator":{"name":"dataconnect"},"message":"E0728 11:11:04.041988    3410 watch.go:40] Failed to load config from \"/Users/clem/Nucom/suiteadonner/dataconnect\": could not find dataconnect.yaml in `/Users/clem/Nucom/suiteadonner/dataconnect`\n"}}
[debug] [2026-07-28T09:12:30.504Z] E0728 11:12:30.503776    3410 watch.go:40] Failed to load config from "/Users/clem/Nucom/suiteadonner/dataconnect": could not find dataconnect.yaml in `/Users/clem/Nucom/suiteadonner/dataconnect`
 {"metadata":{"emulator":{"name":"dataconnect"},"message":"E0728 11:12:30.503776    3410 watch.go:40] Failed to load config from \"/Users/clem/Nucom/suiteadonner/dataconnect\": could not find dataconnect.yaml in `/Users/clem/Nucom/suiteadonner/dataconnect`\n"}}
[debug] [2026-07-28T09:12:40.504Z] E0728 11:12:40.502951    3410 watch.go:116] watchAllDir unable to walk dir `/Users/clem/Nucom/suiteadonner/dataconnect`: lstat /Users/clem/Nucom/suiteadonner/dataconnect: no such file or directory
E0728 11:12:40.503056    3410 watch.go:40] Failed to load config from "/Users/clem/Nucom/suiteadonner/dataconnect": could not find dataconnect.yaml in `/Users/clem/Nucom/suiteadonner/dataconnect`
 {"metadata":{"emulator":{"name":"dataconnect"},"message":"E0728 11:12:40.502951    3410 watch.go:116] watchAllDir unable to walk dir `/Users/clem/Nucom/suiteadonner/dataconnect`: lstat /Users/clem/Nucom/suiteadonner/dataconnect: no such file or directory\nE0728 11:12:40.503056    3410 watch.go:40] Failed to load config from \"/Users/clem/Nucom/suiteadonner/dataconnect\": could not find dataconnect.yaml in `/Users/clem/Nucom/suiteadonner/dataconnect`\n"}}
[debug] [2026-07-28T09:12:50.502Z] E0728 11:12:50.502552    3410 watch.go:40] Failed to load config from "/Users/clem/Nucom/suiteadonner/dataconnect": could not find dataconnect.yaml in `/Users/clem/Nucom/suiteadonner/dataconnect`
 {"metadata":{"emulator":{"name":"dataconnect"},"message":"E0728 11:12:50.502552    3410 watch.go:40] Failed to load config from \"/Users/clem/Nucom/suiteadonner/dataconnect\": could not find dataconnect.yaml in `/Users/clem/Nucom/suiteadonner/dataconnect`\n"}}
[debug] [2026-07-28T09:13:00.502Z] E0728 11:13:00.502513    3410 watch.go:40] Failed to load config from "/Users/clem/Nucom/suiteadonner/dataconnect": could not find dataconnect.yaml in `/Users/clem/Nucom/suiteadonner/dataconnect`
 {"metadata":{"emulator":{"name":"dataconnect"},"message":"E0728 11:13:00.502513    3410 watch.go:40] Failed to load config from \"/Users/clem/Nucom/suiteadonner/dataconnect\": could not find dataconnect.yaml in `/Users/clem/Nucom/suiteadonner/dataconnect`\n"}}
[debug] [2026-07-28T09:13:10.502Z] E0728 11:13:10.502506    3410 watch.go:40] Failed to load config from "/Users/clem/Nucom/suiteadonner/dataconnect": could not find dataconnect.yaml in `/Users/clem/Nucom/suiteadonner/dataconnect`
 {"metadata":{"emulator":{"name":"dataconnect"},"message":"E0728 11:13:10.502506    3410 watch.go:40] Failed to load config from \"/Users/clem/Nucom/suiteadonner/dataconnect\": could not find dataconnect.yaml in `/Users/clem/Nucom/suiteadonner/dataconnect`\n"}}
[debug] [2026-07-28T09:13:20.502Z] E0728 11:13:20.502418    3410 watch.go:40] Failed to load config from "/Users/clem/Nucom/suiteadonner/dataconnect": could not find dataconnect.yaml in `/Users/clem/Nucom/suiteadonner/dataconnect`
 {"metadata":{"emulator":{"name":"dataconnect"},"message":"E0728 11:13:20.502418    3410 watch.go:40] Failed to load config from \"/Users/clem/Nucom/suiteadonner/dataconnect\": could not find dataconnect.yaml in `/Users/clem/Nucom/suiteadonner/dataconnect`\n"}}
[debug] [2026-07-28T09:13:30.505Z] E0728 11:13:30.502988    3410 watch.go:40] Failed to load config from "/Users/clem/Nucom/suiteadonner/dataconnect": could not find dataconnect.yaml in `/Users/clem/Nucom/suiteadonner/dataconnect`
 {"metadata":{"emulator":{"name":"dataconnect"},"message":"E0728 11:13:30.502988    3410 watch.go:40] Failed to load config from \"/Users/clem/Nucom/suiteadonner/dataconnect\": could not find dataconnect.yaml in `/Users/clem/Nucom/suiteadonner/dataconnect`\n"}}
[debug] [2026-07-28T09:13:40.502Z] E0728 11:13:40.502253    3410 watch.go:40] Failed to load config from "/Users/clem/Nucom/suiteadonner/dataconnect": could not find dataconnect.yaml in `/Users/clem/Nucom/suiteadonner/dataconnect`
 {"metadata":{"emulator":{"name":"dataconnect"},"message":"E0728 11:13:40.502253    3410 watch.go:40] Failed to load config from \"/Users/clem/Nucom/suiteadonner/dataconnect\": could not find dataconnect.yaml in `/Users/clem/Nucom/suiteadonner/dataconnect`\n"}}
[debug] [2026-07-28T09:13:40.503Z] E0728 11:13:40.502256    3410 watch.go:116] watchAllDir unable to walk dir `/Users/clem/Nucom/suiteadonner/dataconnect`: lstat /Users/clem/Nucom/suiteadonner/dataconnect: no such file or directory
 {"metadata":{"emulator":{"name":"dataconnect"},"message":"E0728 11:13:40.502256    3410 watch.go:116] watchAllDir unable to walk dir `/Users/clem/Nucom/suiteadonner/dataconnect`: lstat /Users/clem/Nucom/suiteadonner/dataconnect: no such file or directory\n"}}
[debug] [2026-07-28T09:13:50.501Z] E0728 11:13:50.501412    3410 watch.go:40] Failed to load config from "/Users/clem/Nucom/suiteadonner/dataconnect": could not find dataconnect.yaml in `/Users/clem/Nucom/suiteadonner/dataconnect`
 {"metadata":{"emulator":{"name":"dataconnect"},"message":"E0728 11:13:50.501412    3410 watch.go:40] Failed to load config from \"/Users/clem/Nucom/suiteadonner/dataconnect\": could not find dataconnect.yaml in `/Users/clem/Nucom/suiteadonner/dataconnect`\n"}}
[debug] [2026-07-28T09:14:00.502Z] E0728 11:14:00.502104    3410 watch.go:40] Failed to load config from "/Users/clem/Nucom/suiteadonner/dataconnect": could not find dataconnect.yaml in `/Users/clem/Nucom/suiteadonner/dataconnect`
 {"metadata":{"emulator":{"name":"dataconnect"},"message":"E0728 11:14:00.502104    3410 watch.go:40] Failed to load config from \"/Users/clem/Nucom/suiteadonner/dataconnect\": could not find dataconnect.yaml in `/Users/clem/Nucom/suiteadonner/dataconnect`\n"}}
[debug] [2026-07-28T09:14:10.502Z] E0728 11:14:10.501969    3410 watch.go:40] Failed to load config from "/Users/clem/Nucom/suiteadonner/dataconnect": could not find dataconnect.yaml in `/Users/clem/Nucom/suiteadonner/dataconnect`
 {"metadata":{"emulator":{"name":"dataconnect"},"message":"E0728 11:14:10.501969    3410 watch.go:40] Failed to load config from \"/Users/clem/Nucom/suiteadonner/dataconnect\": could not find dataconnect.yaml in `/Users/clem/Nucom/suiteadonner/dataconnect`\n"}}
[debug] [2026-07-28T09:14:20.502Z] E0728 11:14:20.501872    3410 watch.go:40] Failed to load config from "/Users/clem/Nucom/suiteadonner/dataconnect": could not find dataconnect.yaml in `/Users/clem/Nucom/suiteadonner/dataconnect`
 {"metadata":{"emulator":{"name":"dataconnect"},"message":"E0728 11:14:20.501872    3410 watch.go:40] Failed to load config from \"/Users/clem/Nucom/suiteadonner/dataconnect\": could not find dataconnect.yaml in `/Users/clem/Nucom/suiteadonner/dataconnect`\n"}}
[debug] [2026-07-28T09:14:30.503Z] E0728 11:14:30.503480    3410 watch.go:40] Failed to load config from "/Users/clem/Nucom/suiteadonner/dataconnect": could not find dataconnect.yaml in `/Users/clem/Nucom/suiteadonner/dataconnect`
 {"metadata":{"emulator":{"name":"dataconnect"},"message":"E0728 11:14:30.503480    3410 watch.go:40] Failed to load config from \"/Users/clem/Nucom/suiteadonner/dataconnect\": could not find dataconnect.yaml in `/Users/clem/Nucom/suiteadonner/dataconnect`\n"}}
[debug] [2026-07-28T09:14:40.502Z] E0728 11:14:40.501665    3410 watch.go:40] Failed to load config from "/Users/clem/Nucom/suiteadonner/dataconnect": could not find dataconnect.yaml in `/Users/clem/Nucom/suiteadonner/dataconnect`
 {"metadata":{"emulator":{"name":"dataconnect"},"message":"E0728 11:14:40.501665    3410 watch.go:40] Failed to load config from \"/Users/clem/Nucom/suiteadonner/dataconnect\": could not find dataconnect.yaml in `/Users/clem/Nucom/suiteadonner/dataconnect`\n"}}
[debug] [2026-07-28T09:14:40.502Z] E0728 11:14:40.502016    3410 watch.go:116] watchAllDir unable to walk dir `/Users/clem/Nucom/suiteadonner/dataconnect`: lstat /Users/clem/Nucom/suiteadonner/dataconnect: no such file or directory
 {"metadata":{"emulator":{"name":"dataconnect"},"message":"E0728 11:14:40.502016    3410 watch.go:116] watchAllDir unable to walk dir `/Users/clem/Nucom/suiteadonner/dataconnect`: lstat /Users/clem/Nucom/suiteadonner/dataconnect: no such file or directory\n"}}
[debug] [2026-07-28T09:14:50.503Z] E0728 11:14:50.501691    3410 watch.go:40] Failed to load config from "/Users/clem/Nucom/suiteadonner/dataconnect": could not find dataconnect.yaml in `/Users/clem/Nucom/suiteadonner/dataconnect`
 {"metadata":{"emulator":{"name":"dataconnect"},"message":"E0728 11:14:50.501691    3410 watch.go:40] Failed to load config from \"/Users/clem/Nucom/suiteadonner/dataconnect\": could not find dataconnect.yaml in `/Users/clem/Nucom/suiteadonner/dataconnect`\n"}}
[debug] [2026-07-28T09:15:00.503Z] E0728 11:15:00.501980    3410 watch.go:40] Failed to load config from "/Users/clem/Nucom/suiteadonner/dataconnect": could not find dataconnect.yaml in `/Users/clem/Nucom/suiteadonner/dataconnect`
 {"metadata":{"emulator":{"name":"dataconnect"},"message":"E0728 11:15:00.501980    3410 watch.go:40] Failed to load config from \"/Users/clem/Nucom/suiteadonner/dataconnect\": could not find dataconnect.yaml in `/Users/clem/Nucom/suiteadonner/dataconnect`\n"}}
[debug] [2026-07-28T09:15:10.507Z] E0728 11:15:10.502705    3410 watch.go:40] Failed to load config from "/Users/clem/Nucom/suiteadonner/dataconnect": could not find dataconnect.yaml in `/Users/clem/Nucom/suiteadonner/dataconnect`
 {"metadata":{"emulator":{"name":"dataconnect"},"message":"E0728 11:15:10.502705    3410 watch.go:40] Failed to load config from \"/Users/clem/Nucom/suiteadonner/dataconnect\": could not find dataconnect.yaml in `/Users/clem/Nucom/suiteadonner/dataconnect`\n"}}
[debug] [2026-07-28T09:15:20.503Z] E0728 11:15:20.501686    3410 watch.go:40] Failed to load config from "/Users/clem/Nucom/suiteadonner/dataconnect": could not find dataconnect.yaml in `/Users/clem/Nucom/suiteadonner/dataconnect`
 {"metadata":{"emulator":{"name":"dataconnect"},"message":"E0728 11:15:20.501686    3410 watch.go:40] Failed to load config from \"/Users/clem/Nucom/suiteadonner/dataconnect\": could not find dataconnect.yaml in `/Users/clem/Nucom/suiteadonner/dataconnect`\n"}}
[debug] [2026-07-28T09:15:30.502Z] E0728 11:15:30.501707    3410 watch.go:40] Failed to load config from "/Users/clem/Nucom/suiteadonner/dataconnect": could not find dataconnect.yaml in `/Users/clem/Nucom/suiteadonner/dataconnect`
 {"metadata":{"emulator":{"name":"dataconnect"},"message":"E0728 11:15:30.501707    3410 watch.go:40] Failed to load config from \"/Users/clem/Nucom/suiteadonner/dataconnect\": could not find dataconnect.yaml in `/Users/clem/Nucom/suiteadonner/dataconnect`\n"}}
[debug] [2026-07-28T09:15:40.502Z] E0728 11:15:40.501535    3410 watch.go:40] Failed to load config from "/Users/clem/Nucom/suiteadonner/dataconnect": could not find dataconnect.yaml in `/Users/clem/Nucom/suiteadonner/dataconnect`
E0728 11:15:40.501445    3410 watch.go:116] watchAllDir unable to walk dir `/Users/clem/Nucom/suiteadonner/dataconnect`: lstat /Users/clem/Nucom/suiteadonner/dataconnect: no such file or directory
 {"metadata":{"emulator":{"name":"dataconnect"},"message":"E0728 11:15:40.501535    3410 watch.go:40] Failed to load config from \"/Users/clem/Nucom/suiteadonner/dataconnect\": could not find dataconnect.yaml in `/Users/clem/Nucom/suiteadonner/dataconnect`\nE0728 11:15:40.501445    3410 watch.go:116] watchAllDir unable to walk dir `/Users/clem/Nucom/suiteadonner/dataconnect`: lstat /Users/clem/Nucom/suiteadonner/dataconnect: no such file or directory\n"}}
[debug] [2026-07-28T09:15:50.504Z] E0728 11:15:50.502189    3410 watch.go:40] Failed to load config from "/Users/clem/Nucom/suiteadonner/dataconnect": could not find dataconnect.yaml in `/Users/clem/Nucom/suiteadonner/dataconnect`
 {"metadata":{"emulator":{"name":"dataconnect"},"message":"E0728 11:15:50.502189    3410 watch.go:40] Failed to load config from \"/Users/clem/Nucom/suiteadonner/dataconnect\": could not find dataconnect.yaml in `/Users/clem/Nucom/suiteadonner/dataconnect`\n"}}
[debug] [2026-07-28T09:16:00.507Z] E0728 11:16:00.503395    3410 watch.go:40] Failed to load config from "/Users/clem/Nucom/suiteadonner/dataconnect": could not find dataconnect.yaml in `/Users/clem/Nucom/suiteadonner/dataconnect`
 {"metadata":{"emulator":{"name":"dataconnect"},"message":"E0728 11:16:00.503395    3410 watch.go:40] Failed to load config from \"/Users/clem/Nucom/suiteadonner/dataconnect\": could not find dataconnect.yaml in `/Users/clem/Nucom/suiteadonner/dataconnect`\n"}}
[debug] [2026-07-28T09:16:10.502Z] E0728 11:16:10.501417    3410 watch.go:40] Failed to load config from "/Users/clem/Nucom/suiteadonner/dataconnect": could not find dataconnect.yaml in `/Users/clem/Nucom/suiteadonner/dataconnect`
 {"metadata":{"emulator":{"name":"dataconnect"},"message":"E0728 11:16:10.501417    3410 watch.go:40] Failed to load config from \"/Users/clem/Nucom/suiteadonner/dataconnect\": could not find dataconnect.yaml in `/Users/clem/Nucom/suiteadonner/dataconnect`\n"}}
[debug] [2026-07-28T09:16:20.508Z] E0728 11:16:20.502764    3410 watch.go:40] Failed to load config from "/Users/clem/Nucom/suiteadonner/dataconnect": could not find dataconnect.yaml in `/Users/clem/Nucom/suiteadonner/dataconnect`
 {"metadata":{"emulator":{"name":"dataconnect"},"message":"E0728 11:16:20.502764    3410 watch.go:40] Failed to load config from \"/Users/clem/Nucom/suiteadonner/dataconnect\": could not find dataconnect.yaml in `/Users/clem/Nucom/suiteadonner/dataconnect`\n"}}
[debug] [2026-07-28T09:16:30.508Z] E0728 11:16:30.502495    3410 watch.go:40] Failed to load config from "/Users/clem/Nucom/suiteadonner/dataconnect": could not find dataconnect.yaml in `/Users/clem/Nucom/suiteadonner/dataconnect`
 {"metadata":{"emulator":{"name":"dataconnect"},"message":"E0728 11:16:30.502495    3410 watch.go:40] Failed to load config from \"/Users/clem/Nucom/suiteadonner/dataconnect\": could not find dataconnect.yaml in `/Users/clem/Nucom/suiteadonner/dataconnect`\n"}}
[debug] [2026-07-28T09:16:40.504Z] E0728 11:16:40.501683    3410 watch.go:40] Failed to load config from "/Users/clem/Nucom/suiteadonner/dataconnect": could not find dataconnect.yaml in `/Users/clem/Nucom/suiteadonner/dataconnect`
E0728 11:16:40.501578    3410 watch.go:116] watchAllDir unable to walk dir `/Users/clem/Nucom/suiteadonner/dataconnect`: lstat /Users/clem/Nucom/suiteadonner/dataconnect: no such file or directory
 {"metadata":{"emulator":{"name":"dataconnect"},"message":"E0728 11:16:40.501683    3410 watch.go:40] Failed to load config from \"/Users/clem/Nucom/suiteadonner/dataconnect\": could not find dataconnect.yaml in `/Users/clem/Nucom/suiteadonner/dataconnect`\nE0728 11:16:40.501578    3410 watch.go:116] watchAllDir unable to walk dir `/Users/clem/Nucom/suiteadonner/dataconnect`: lstat /Users/clem/Nucom/suiteadonner/dataconnect: no such file or directory\n"}}
[debug] [2026-07-28T09:16:50.503Z] E0728 11:16:50.501178    3410 watch.go:40] Failed to load config from "/Users/clem/Nucom/suiteadonner/dataconnect": could not find dataconnect.yaml in `/Users/clem/Nucom/suiteadonner/dataconnect`
 {"metadata":{"emulator":{"name":"dataconnect"},"message":"E0728 11:16:50.501178    3410 watch.go:40] Failed to load config from \"/Users/clem/Nucom/suiteadonner/dataconnect\": could not find dataconnect.yaml in `/Users/clem/Nucom/suiteadonner/dataconnect`\n"}}
[debug] [2026-07-28T09:17:00.502Z] E0728 11:17:00.501162    3410 watch.go:40] Failed to load config from "/Users/clem/Nucom/suiteadonner/dataconnect": could not find dataconnect.yaml in `/Users/clem/Nucom/suiteadonner/dataconnect`
 {"metadata":{"emulator":{"name":"dataconnect"},"message":"E0728 11:17:00.501162    3410 watch.go:40] Failed to load config from \"/Users/clem/Nucom/suiteadonner/dataconnect\": could not find dataconnect.yaml in `/Users/clem/Nucom/suiteadonner/dataconnect`\n"}}
[debug] [2026-07-28T09:17:10.501Z] E0728 11:17:10.501438    3410 watch.go:40] Failed to load config from "/Users/clem/Nucom/suiteadonner/dataconnect": could not find dataconnect.yaml in `/Users/clem/Nucom/suiteadonner/dataconnect`
 {"metadata":{"emulator":{"name":"dataconnect"},"message":"E0728 11:17:10.501438    3410 watch.go:40] Failed to load config from \"/Users/clem/Nucom/suiteadonner/dataconnect\": could not find dataconnect.yaml in `/Users/clem/Nucom/suiteadonner/dataconnect`\n"}}
[debug] [2026-07-28T09:17:20.501Z] E0728 11:17:20.500825    3410 watch.go:40] Failed to load config from "/Users/clem/Nucom/suiteadonner/dataconnect": could not find dataconnect.yaml in `/Users/clem/Nucom/suiteadonner/dataconnect`
 {"metadata":{"emulator":{"name":"dataconnect"},"message":"E0728 11:17:20.500825    3410 watch.go:40] Failed to load config from \"/Users/clem/Nucom/suiteadonner/dataconnect\": could not find dataconnect.yaml in `/Users/clem/Nucom/suiteadonner/dataconnect`\n"}}
[debug] [2026-07-28T09:17:30.501Z] E0728 11:17:30.500884    3410 watch.go:40] Failed to load config from "/Users/clem/Nucom/suiteadonner/dataconnect": could not find dataconnect.yaml in `/Users/clem/Nucom/suiteadonner/dataconnect`
 {"metadata":{"emulator":{"name":"dataconnect"},"message":"E0728 11:17:30.500884    3410 watch.go:40] Failed to load config from \"/Users/clem/Nucom/suiteadonner/dataconnect\": could not find dataconnect.yaml in `/Users/clem/Nucom/suiteadonner/dataconnect`\n"}}
[debug] [2026-07-28T09:17:40.502Z] E0728 11:17:40.500848    3410 watch.go:40] Failed to load config from "/Users/clem/Nucom/suiteadonner/dataconnect": could not find dataconnect.yaml in `/Users/clem/Nucom/suiteadonner/dataconnect`
E0728 11:17:40.500765    3410 watch.go:116] watchAllDir unable to walk dir `/Users/clem/Nucom/suiteadonner/dataconnect`: lstat /Users/clem/Nucom/suiteadonner/dataconnect: no such file or directory
 {"metadata":{"emulator":{"name":"dataconnect"},"message":"E0728 11:17:40.500848    3410 watch.go:40] Failed to load config from \"/Users/clem/Nucom/suiteadonner/dataconnect\": could not find dataconnect.yaml in `/Users/clem/Nucom/suiteadonner/dataconnect`\nE0728 11:17:40.500765    3410 watch.go:116] watchAllDir unable to walk dir `/Users/clem/Nucom/suiteadonner/dataconnect`: lstat /Users/clem/Nucom/suiteadonner/dataconnect: no such file or directory\n"}}
